Component: Arm Compiler for Embedded 6.19 Tool: armlink [5e73cb00]

==============================================================================

Section Cross References

    startup_stm32l476xx.o(STACK) refers (Special) to heapauxi.o(.text) for __use_two_region_memory
    startup_stm32l476xx.o(HEAP) refers (Special) to heapauxi.o(.text) for __use_two_region_memory
    startup_stm32l476xx.o(RESET) refers (Special) to heapauxi.o(.text) for __use_two_region_memory
    startup_stm32l476xx.o(RESET) refers to startup_stm32l476xx.o(STACK) for __initial_sp
    startup_stm32l476xx.o(RESET) refers to startup_stm32l476xx.o(.text) for Reset_Handler
    startup_stm32l476xx.o(RESET) refers to stm32l4xx_it.o(.text.NMI_Handler) for NMI_Handler
    startup_stm32l476xx.o(RESET) refers to stm32l4xx_it.o(.text.HardFault_Handler) for HardFault_Handler
    startup_stm32l476xx.o(RESET) refers to stm32l4xx_it.o(.text.MemManage_Handler) for MemManage_Handler
    startup_stm32l476xx.o(RESET) refers to stm32l4xx_it.o(.text.BusFault_Handler) for BusFault_Handler
    startup_stm32l476xx.o(RESET) refers to stm32l4xx_it.o(.text.UsageFault_Handler) for UsageFault_Handler
    startup_stm32l476xx.o(RESET) refers to stm32l4xx_it.o(.text.SVC_Handler) for SVC_Handler
    startup_stm32l476xx.o(RESET) refers to stm32l4xx_it.o(.text.DebugMon_Handler) for DebugMon_Handler
    startup_stm32l476xx.o(RESET) refers to stm32l4xx_it.o(.text.PendSV_Handler) for PendSV_Handler
    startup_stm32l476xx.o(RESET) refers to stm32l4xx_it.o(.text.SysTick_Handler) for SysTick_Handler
    startup_stm32l476xx.o(RESET) refers to stm32l4xx_it.o(.text.TIM2_IRQHandler) for TIM2_IRQHandler
    startup_stm32l476xx.o(.text) refers (Special) to heapauxi.o(.text) for __use_two_region_memory
    startup_stm32l476xx.o(.text) refers to system_stm32l4xx.o(.text.SystemInit) for SystemInit
    startup_stm32l476xx.o(.text) refers to __main.o(!!!main) for __main
    startup_stm32l476xx.o(.text) refers to startup_stm32l476xx.o(HEAP) for Heap_Mem
    startup_stm32l476xx.o(.text) refers to startup_stm32l476xx.o(STACK) for Stack_Mem
    user_diskio_spi.o(.text.SPI_Timer_On) refers to user_diskio_spi.o(.bss..L_MergedGlobals) for .L_MergedGlobals
    user_diskio_spi.o(.ARM.exidx.text.SPI_Timer_On) refers to user_diskio_spi.o(.text.SPI_Timer_On) for [Anonymous Symbol]
    user_diskio_spi.o(.text.SPI_Timer_Status) refers to user_diskio_spi.o(.bss..L_MergedGlobals) for .L_MergedGlobals
    user_diskio_spi.o(.ARM.exidx.text.SPI_Timer_Status) refers to user_diskio_spi.o(.text.SPI_Timer_Status) for [Anonymous Symbol]
    user_diskio_spi.o(.text.USER_SPI_initialize) refers to user_diskio_spi.o(.data.Stat) for Stat
    user_diskio_spi.o(.text.USER_SPI_initialize) refers to main.o(.text.SPI2_TransmitByte) for SPI2_TransmitByte
    user_diskio_spi.o(.text.USER_SPI_initialize) refers to main.o(.text.SPI2_ReceiveByte) for SPI2_ReceiveByte
    user_diskio_spi.o(.text.USER_SPI_initialize) refers to user_diskio_spi.o(.text.send_cmd) for send_cmd
    user_diskio_spi.o(.text.USER_SPI_initialize) refers to user_diskio_spi.o(.bss..L_MergedGlobals) for .L_MergedGlobals
    user_diskio_spi.o(.ARM.exidx.text.USER_SPI_initialize) refers to user_diskio_spi.o(.text.USER_SPI_initialize) for [Anonymous Symbol]
    user_diskio_spi.o(.text.send_cmd) refers to main.o(.text.SPI2_TransmitByte) for SPI2_TransmitByte
    user_diskio_spi.o(.text.send_cmd) refers to main.o(.text.SPI2_ReceiveByte) for SPI2_ReceiveByte
    user_diskio_spi.o(.ARM.exidx.text.send_cmd) refers to user_diskio_spi.o(.text.send_cmd) for [Anonymous Symbol]
    user_diskio_spi.o(.text.USER_SPI_status) refers to user_diskio_spi.o(.data.Stat) for Stat
    user_diskio_spi.o(.ARM.exidx.text.USER_SPI_status) refers to user_diskio_spi.o(.text.USER_SPI_status) for [Anonymous Symbol]
    user_diskio_spi.o(.text.USER_SPI_read) refers to user_diskio_spi.o(.data.Stat) for Stat
    user_diskio_spi.o(.text.USER_SPI_read) refers to user_diskio_spi.o(.bss..L_MergedGlobals) for .L_MergedGlobals
    user_diskio_spi.o(.text.USER_SPI_read) refers to user_diskio_spi.o(.text.send_cmd) for send_cmd
    user_diskio_spi.o(.text.USER_SPI_read) refers to user_diskio_spi.o(.text.rcvr_datablock) for rcvr_datablock
    user_diskio_spi.o(.text.USER_SPI_read) refers to main.o(.text.SPI2_TransmitByte) for SPI2_TransmitByte
    user_diskio_spi.o(.text.USER_SPI_read) refers to main.o(.text.SPI2_ReceiveByte) for SPI2_ReceiveByte
    user_diskio_spi.o(.ARM.exidx.text.USER_SPI_read) refers to user_diskio_spi.o(.text.USER_SPI_read) for [Anonymous Symbol]
    user_diskio_spi.o(.text.rcvr_datablock) refers to user_diskio_spi.o(.bss..L_MergedGlobals) for .L_MergedGlobals
    user_diskio_spi.o(.text.rcvr_datablock) refers to main.o(.text.SPI2_TransmitByte) for SPI2_TransmitByte
    user_diskio_spi.o(.text.rcvr_datablock) refers to main.o(.text.SPI2_ReceiveByte) for SPI2_ReceiveByte
[...]
    locale$$code                             0x08007b08   Section       44  lc_ctype_c.o(locale$$code)
    $v0                                      0x08007b34   Number         0  fpinit.o(x$fpl$fpinit)
    x$fpl$fpinit                             0x08007b34   Section       26  fpinit.o(x$fpl$fpinit)
    $v0                                      0x08007b4e   Number         0  printf1.o(x$fpl$printf1)
    x$fpl$printf1                            0x08007b4e   Section        4  printf1.o(x$fpl$printf1)
    $v0                                      0x08007b52   Number         0  printf2.o(x$fpl$printf2)
    x$fpl$printf2                            0x08007b52   Section        4  printf2.o(x$fpl$printf2)
    x$fpl$usenofp                            0x08007b56   Section        0  usenofp.o(x$fpl$usenofp)
    initial_mbstate                          0x08007b58   Data           8  _printf_wctomb.o(.constdata)
    .constdata                               0x08007b58   Section        8  _printf_wctomb.o(.constdata)
    uc_hextab                                0x08007b60   Data          20  _printf_hex_int_ll_ptr.o(.constdata)
    .constdata                               0x08007b60   Section       40  _printf_hex_int_ll_ptr.o(.constdata)
    lc_hextab                                0x08007b74   Data          20  _printf_hex_int_ll_ptr.o(.constdata)
    maptable                                 0x08007b88   Data          17  __printf_flags_ss_wp.o(.constdata)
    .constdata                               0x08007b88   Section       17  __printf_flags_ss_wp.o(.constdata)
    lc_hextab                                0x08007b99   Data          19  _printf_fp_hex.o(.constdata)
    .constdata                               0x08007b99   Section       38  _printf_fp_hex.o(.constdata)
    uc_hextab                                0x08007bac   Data          19  _printf_fp_hex.o(.constdata)
    tenpwrs_x                                0x08007bc0   Data          60  bigflt0.o(.constdata)
    .constdata                               0x08007bc0   Section      148  bigflt0.o(.constdata)
    tenpwrs_i                                0x08007bfc   Data          64  bigflt0.o(.constdata)
    ExCvt                                    0x08007c6c   Data         128  ff.o(.rodata.ExCvt)
    [Anonymous Symbol]                       0x08007c6c   Section        0  ff.o(.rodata.ExCvt)
    .L.str.1                                 0x08007d1c   Data          28  main.o(.rodata.str1.1)
    [Anonymous Symbol]                       0x08007d1c   Section        0  main.o(.rodata.str1.1)
    .L.str.21                                0x08007d38   Data          21  main.o(.rodata.str1.1)
    .L.str.19                                0x08007d4d   Data          24  main.o(.rodata.str1.1)
    .L.str.20                                0x08007d65   Data          30  main.o(.rodata.str1.1)
    .L.str.18                                0x08007d83   Data          27  main.o(.rodata.str1.1)
    .L.str.17                                0x08007d9e   Data          25  main.o(.rodata.str1.1)
    .L.str.7                                 0x08007db7   Data          31  main.o(.rodata.str1.1)
    .L.str.3                                 0x08007dd6   Data           4  main.o(.rodata.str1.1)
    .L.str.10                                0x08007dda   Data           2  main.o(.rodata.str1.1)
    .L.str.15                                0x08007ddc   Data          13  main.o(.rodata.str1.1)
    .L.str.16                                0x08007de9   Data          25  main.o(.rodata.str1.1)
    locale$$data                             0x08007e24   Section       28  lc_numeric_c.o(locale$$data)
    __lcnum_c_name                           0x08007e28   Data           2  lc_numeric_c.o(locale$$data)
    __lcnum_c_start                          0x08007e30   Data           0  lc_numeric_c.o(locale$$data)
    __lcnum_c_point                          0x08007e3c   Data           0  lc_numeric_c.o(locale$$data)
    __lcnum_c_thousands                      0x08007e3e   Data           0  lc_numeric_c.o(locale$$data)
    __lcnum_c_grouping                       0x08007e3f   Data           0  lc_numeric_c.o(locale$$data)
    __lcnum_c_end                            0x08007e40   Data           0  lc_numeric_c.o(locale$$data)
    locale$$data                             0x08007e40   Section      272  lc_ctype_c.o(locale$$data)
    __lcctype_c_name                         0x08007e44   Data           2  lc_ctype_c.o(locale$$data)
    __lcctype_c_start                        0x08007e4c   Data           0  lc_ctype_c.o(locale$$data)
    __lcctype_c_end                          0x08007f50   Data           0  lc_ctype_c.o(locale$$data)
    .L_MergedGlobals                         0x20000000   Data           8  stm32l4xx_it.o(.data..L_MergedGlobals)
    [Anonymous Symbol]                       0x20000000   Section        0  stm32l4xx_it.o(.data..L_MergedGlobals)
    .L_MergedGlobals                         0x20000008   Data           8  stm32l4xx_hal.o(.data..L_MergedGlobals)
    [Anonymous Symbol]                       0x20000008   Section        0  stm32l4xx_hal.o(.data..L_MergedGlobals)
    Stat                                     0x20000010   Data           1  user_diskio_spi.o(.data.Stat)
    [Anonymous Symbol]                       0x20000010   Section        0  user_diskio_spi.o(.data.Stat)
    .bss                                     0x20000030   Section       96  libspace.o(.bss)
    .L_MergedGlobals                         0x20000090   Data          12  user_diskio_spi.o(.bss..L_MergedGlobals)
    CardType                                 0x20000090   Data           1  user_diskio_spi.o(.bss..L_MergedGlobals)
    [Anonymous Symbol]                       0x20000090   Section        0  user_diskio_spi.o(.bss..L_MergedGlobals)
    .L_MergedGlobals                         0x2000009c   Data          29  main.o(.bss..L_MergedGlobals)
    [Anonymous Symbol]                       0x2000009c   Section        0  main.o(.bss..L_MergedGlobals)
    .L_MergedGlobals                         0x200000b9   Data           5  fatfs.o(.bss..L_MergedGlobals)
    [Anonymous Symbol]                       0x200000b9   Section        0  fatfs.o(.bss..L_MergedGlobals)
    .L_MergedGlobals                         0x200000c0   Data          40  ff.o(.bss..L_MergedGlobals)
    Fsid                                     0x200000c0   Data           2  ff.o(.bss..L_MergedGlobals)
    [Anonymous Symbol]                       0x200000c0   Section        0  ff.o(.bss..L_MergedGlobals)
    FatFs.0                                  0x200000c4   Data           4  ff.o(.bss..L_MergedGlobals)
    Files                                    0x200000c8   Data          32  ff.o(.bss..L_MergedGlobals)
    .L_MergedGlobals.1                       0x200000e8   Data          16  stm32l4xx_it.o(.bss..L_MergedGlobals.1)
    [Anonymous Symbol]                       0x200000e8   Section        0  stm32l4xx_it.o(.bss..L_MergedGlobals.1)
    myprintf.buffer                          0x20000564   Data         256  main.o(.bss.myprintf.buffer)
    [Anonymous Symbol]                       0x20000564   Section        0  main.o(.bss.myprintf.buffer)
    Heap_Mem                                 0x20000668   Data         512  startup_stm32l476xx.o(HEAP)
    HEAP                                     0x20000668   Section      512  startup_stm32l476xx.o(HEAP)
    Stack_Mem                                0x20000868   Data        1024  startup_stm32l476xx.o(STACK)
    STACK                                    0x20000868   Section     1024  startup_stm32l476xx.o(STACK)
    __initial_sp                             0x20000c68   Data           0  startup_stm32l476xx.o(STACK)

    Global Symbols

    Symbol Name                              Value     Ov Type        Size  Object(Section)

    BuildAttributes$$THM_ISAv4$E$P$D$K$B$S$7EM$VFPi3$EXTD16$VFPS$VFMA$PE$A:L22UL41UL21$X:L11$S22US41US21$IEEE1$IW$~IW$USESV6$~STKCKD$USESV7$~SHL$OTIME$ROPI$IEEEJ$EBA8$UX$STANDARDLIB$REQ8$PRES8$EABIv2 0x00000000   Number         0  anon$$obj.o ABSOLUTE
    _printf_flags                            0x00000000   Number         0  printf_stubs.o ABSOLUTE
    _printf_return_value                     0x00000000   Number         0  printf_stubs.o ABSOLUTE
    _printf_sizespec                         0x00000000   Number         0  printf_stubs.o ABSOLUTE
    _printf_widthprec                        0x00000000   Number         0  printf_stubs.o ABSOLUTE
    __ARM_exceptions_init                     - Undefined Weak Reference
    __alloca_initialize                       - Undefined Weak Reference
    __arm_preinit_                            - Undefined Weak Reference
    __arm_relocate_pie_                       - Undefined Weak Reference
    __cpp_initialize__aeabi_                  - Undefined Weak Reference
    __cxa_finalize                            - Undefined Weak Reference
    __sigvec_lookup                           - Undefined Weak Reference
    __user_heap_extent                        - Undefined Weak Reference
    _atexit_init                              - Undefined Weak Reference
    _call_atexit_fns                          - Undefined Weak Reference
    _clock_init                               - Undefined Weak Reference
    _fp_trap_init                             - Undefined Weak Reference
    _fp_trap_shutdown                         - Undefined Weak Reference
    _get_lc_collate                           - Undefined Weak Reference
    _get_lc_monetary                          - Undefined Weak Reference
    _get_lc_time                              - Undefined Weak Reference
    _getenv_init                              - Undefined Weak Reference
    _handle_redirection                       - Undefined Weak Reference
    _initio                                   - Undefined Weak Reference
    _mutex_acquire                            - Undefined Weak Reference
    _mutex_free                               - Undefined Weak Reference
    _mutex_release                            - Undefined Weak Reference
    _printf_mbtowc                            - Undefined Weak Reference
    _printf_wc                                - Undefined Weak Reference
    _rand_init                                - Undefined Weak Reference
    _scanf_longlong                           - Undefined Weak Reference
    _scanf_mbtowc                             - Undefined Weak Reference
    _scanf_real                               - Undefined Weak Reference
    _scanf_wctomb                             - Undefined Weak Reference
    _scanf_wstring                            - Undefined Weak Reference
    _signal_finish                            - Undefined Weak Reference
    _signal_init                              - Undefined Weak Reference
    _terminateio                              - Undefined Weak Reference
    __Vectors_Size                           0x00000188   Number         0  startup_stm32l476xx.o ABSOLUTE
    __Vectors                                0x08000000   Data           4  startup_stm32l476xx.o(RESET)
    __Vectors_End                            0x08000188   Data           0  startup_stm32l476xx.o(RESET)
    __main                                   0x08000189   Thumb Code     8  __main.o(!!!main)
    __scatterload                            0x08000191   Thumb Code     0  __scatter.o(!!!scatter)
    __scatterload_rt2                        0x08000191   Thumb Code    44  __scatter.o(!!!scatter)
    __scatterload_rt2_thumb_only             0x08000191   Thumb Code     0  __scatter.o(!!!scatter)
    __scatterload_null                       0x0800019f   Thumb Code     0  __scatter.o(!!!scatter)
    __scatterload_copy                       0x080001c5   Thumb Code    26  __scatter_copy.o(!!handler_copy)
    __scatterload_zeroinit                   0x080001e1   Thumb Code    28  __scatter_zi.o(!!handler_zi)
    _printf_n                                0x080001fd   Thumb Code     0  _printf_n.o(.ARM.Collect$$_printf_percent$$00000001)
    _printf_percent                          0x080001fd   Thumb Code     0  _printf_percent.o(.ARM.Collect$$_printf_percent$$00000000)
    _printf_p                                0x08000203   Thumb Code     0  _printf_p.o(.ARM.Collect$$_printf_percent$$00000002)
    _printf_f                                0x08000209   Thumb Code     0  _printf_f.o(.ARM.Collect$$_printf_percent$$00000003)
    _printf_e                                0x0800020f   Thumb Code     0  _printf_e.o(.ARM.Collect$$_printf_percent$$00000004)
    _printf_g                                0x08000215   Thumb Code     0  _printf_g.o(.ARM.Collect$$_printf_percent$$00000005)
    _printf_a                                0x0800021b   Thumb Code     0  _printf_a.o(.ARM.Collect$$_printf_percent$$00000006)
    _printf_ll                               0x08000221   Thumb Code     0  _printf_ll.o(.ARM.Collect$$_printf_percent$$00000007)
    _printf_i                                0x0800022b   Thumb Code     0  _printf_i.o(.ARM.Collect$$_printf_percent$$00000008)
    _printf_d                                0x08000231   Thumb Code     0  _printf_d.o(.ARM.Collect$$_printf_percent$$00000009)
    _printf_u                                0x08000237   Thumb Code     0  _printf_u.o(.ARM.Collect$$_printf_percent$$0000000A)
    _printf_o                                0x0800023d   Thumb Code     0  _printf_o.o(.ARM.Collect$$_printf_percent$$0000000B)
    _printf_x                                0x08000243   Thumb Code     0  _printf_x.o(.ARM.Collect$$_printf_percent$$0000000C)
    _printf_lli                              0x08000249   Thumb Code     0  _printf_lli.o(.ARM.Collect$$_printf_percent$$0000000D)
    _printf_lld                              0x0800024f   Thumb Code     0  _printf_lld.o(.ARM.Collect$$_printf_percent$$0000000E)
    _printf_llu                              0x08000255   Thumb Code     0  _printf_llu.o(.ARM.Collect$$_printf_percent$$0000000F)
    _printf_llo                              0x0800025b   Thumb Code     0  _printf_llo.o(.ARM.Collect$$_printf_percent$$00000010)
    _printf_llx                              0x08000261   Thumb Code     0  _printf_llx.o(.ARM.Collect$$_printf_percent$$00000011)
    _printf_l                                0x08000267   Thumb Code     0  _printf_l.o(.ARM.Collect$$_printf_percent$$00000012)
    _printf_c                                0x08000271   Thumb Code     0  _printf_c.o(.ARM.Collect$$_printf_percent$$00000013)
    _printf_s                                0x08000277   Thumb Code     0  _printf_s.o(.ARM.Collect$$_printf_percent$$00000014)
    _printf_lc                               0x0800027d   Thumb Code     0  _printf_lc.o(.ARM.Collect$$_printf_percent$$00000015)
    _printf_ls                               0x08000283   Thumb Code     0  _printf_ls.o(.ARM.Collect$$_printf_percent$$00000016)
    _printf_percent_end                      0x08000289   Thumb Code     0  _printf_percent_end.o(.ARM.Collect$$_printf_percent$$00000017)
    __rt_lib_init                            0x0800028d   Thumb Code     0  libinit.o(.ARM.Collect$$libinit$$00000000)
    __rt_lib_init_fp_1                       0x0800028f   Thumb Code     0  libinit2.o(.ARM.Collect$$libinit$$00000001)
    __rt_lib_init_heap_2                     0x08000293   Thumb Code     0  libinit2.o(.ARM.Collect$$libinit$$00000007)
    __rt_lib_init_preinit_1                  0x08000293   Thumb Code     0  libinit2.o(.ARM.Collect$$libinit$$00000006)
    __rt_lib_init_relocate_pie_1             0x08000293   Thumb Code     0  libinit2.o(.ARM.Collect$$libinit$$00000004)
    __rt_lib_init_heap_1                     0x0800029b   Thumb Code     0  libinit2.o(.ARM.Collect$$libinit$$0000000C)
    __rt_lib_init_lc_common                  0x0800029b   Thumb Code     0  libinit2.o(.ARM.Collect$$libinit$$00000011)
    __rt_lib_init_rand_1                     0x0800029b   Thumb Code     0  libinit2.o(.ARM.Collect$$libinit$$00000010)
    __rt_lib_init_user_alloc_1               0x0800029b   Thumb Code     0  libinit2.o(.ARM.Collect$$libinit$$0000000E)
    __rt_lib_init_lc_collate_1               0x080002a1   Thumb Code     0  libinit2.o(.ARM.Collect$$libinit$$00000013)
    __rt_lib_init_lc_ctype_2                 0x080002a1   Thumb Code     0  libinit2.o(.ARM.Collect$$libinit$$00000014)
    __rt_lib_init_lc_ctype_1                 0x080002ad   Thumb Code     0  libinit2.o(.ARM.Collect$$libinit$$00000015)
    __rt_lib_init_lc_monetary_1              0x080002ad   Thumb Code     0  libinit2.o(.ARM.Collect$$libinit$$00000017)
    __rt_lib_init_lc_numeric_2               0x080002ad   Thumb Code     0  libinit2.o(.ARM.Collect$$libinit$$00000018)
    __rt_lib_init_alloca_1                   0x080002b7   Thumb Code     0  libinit2.o(.ARM.Collect$$libinit$$00000030)
    __rt_lib_init_argv_1                     0x080002b7   Thumb Code     0  libinit2.o(.ARM.Collect$$libinit$$0000002E)
    __rt_lib_init_atexit_1                   0x080002b7   Thumb Code     0  libinit2.o(.ARM.Collect$$libinit$$0000001D)
    __rt_lib_init_clock_1                    0x080002b7   Thumb Code     0  libinit2.o(.ARM.Collect$$libinit$$00000023)
    __rt_lib_init_cpp_1                      0x080002b7   Thumb Code     0  libinit2.o(.ARM.Collect$$libinit$$00000034)
    __rt_lib_init_exceptions_1               0x080002b7   Thumb Code     0  libinit2.o(.ARM.Collect$$libinit$$00000032)
    __rt_lib_init_fp_trap_1                  0x080002b7   Thumb Code     0  libinit2.o(.ARM.Collect$$libinit$$00000021)
    __rt_lib_init_getenv_1                   0x080002b7   Thumb Code     0  libinit2.o(.ARM.Collect$$libinit$$00000025)
    __rt_lib_init_lc_numeric_1               0x080002b7   Thumb Code     0  libinit2.o(.ARM.Collect$$libinit$$00000019)
    __rt_lib_init_lc_time_1                  0x080002b7   Thumb Code     0  libinit2.o(.ARM.Collect$$libinit$$0000001B)
    __rt_lib_init_return                     0x080002b7   Thumb Code     0  libinit2.o(.ARM.Collect$$libinit$$00000035)
    __rt_lib_init_signal_1                   0x080002b7   Thumb Code     0  libinit2.o(.ARM.Collect$$libinit$$0000001F)
    __rt_lib_init_stdio_1                    0x080002b7   Thumb Code     0  libinit2.o(.ARM.Collect$$libinit$$00000027)
    __rt_lib_shutdown                        0x080002b9   Thumb Code     0  libshutdown.o(.ARM.Collect$$libshutdown$$00000000)
    __rt_lib_shutdown_cpp_1                  0x080002bb   Thumb Code     0  libshutdown2.o(.ARM.Collect$$libshutdown$$00000002)
    __rt_lib_shutdown_fp_trap_1              0x080002bb   Thumb Code     0  libshutdown2.o(.ARM.Collect$$libshutdown$$00000007)
    __rt_lib_shutdown_heap_1                 0x080002bb   Thumb Code     0  libshutdown2.o(.ARM.Collect$$libshutdown$$0000000F)
    __rt_lib_shutdown_return                 0x080002bb   Thumb Code     0  libshutdown2.o(.ARM.Collect$$libshutdown$$00000010)
    __rt_lib_shutdown_signal_1               0x080002bb   Thumb Code     0  libshutdown2.o(.ARM.Collect$$libshutdown$$0000000A)
    __rt_lib_shutdown_stdio_1                0x080002bb   Thumb Code     0  libshutdown2.o(.ARM.Collect$$libshutdown$$00000004)
    __rt_lib_shutdown_user_alloc_1           0x080002bb   Thumb Code     0  libshutdown2.o(.ARM.Collect$$libshutdown$$0000000C)
    __rt_entry                               0x080002bd   Thumb Code     0  __rtentry.o(.ARM.Collect$$rtentry$$00000000)
    __rt_entry_presh_1                       0x080002bd   Thumb Code     0  __rtentry2.o(.ARM.Collect$$rtentry$$00000002)
    __rt_entry_sh                            0x080002bd   Thumb Code     0  __rtentry4.o(.ARM.Collect$$rtentry$$00000004)
    __rt_entry_li                            0x080002c3   Thumb Code     0  __rtentry2.o(.ARM.Collect$$rtentry$$0000000A)
    __rt_entry_postsh_1                      0x080002c3   Thumb Code     0  __rtentry2.o(.ARM.Collect$$rtentry$$00000009)
    __rt_entry_main                          0x080002c7   Thumb Code     0  __rtentry2.o(.ARM.Collect$$rtentry$$0000000D)
    __rt_entry_postli_1                      0x080002c7   Thumb Code     0  __rtentry2.o(.ARM.Collect$$rtentry$$0000000C)
    __rt_exit                                0x080002cf   Thumb Code     0  rtexit.o(.ARM.Collect$$rtexit$$00000000)
    __rt_exit_ls                             0x080002d1   Thumb Code     0  rtexit2.o(.ARM.Collect$$rtexit$$00000003)
    __rt_exit_prels_1                        0x080002d1   Thumb Code     0  rtexit2.o(.ARM.Collect$$rtexit$$00000002)
    __rt_exit_exit                           0x080002d5   Thumb Code     0  rtexit2.o(.ARM.Collect$$rtexit$$00000004)
    Reset_Handler                            0x080002dd   Thumb Code     8  startup_stm32l476xx.o(.text)
    ADC1_2_IRQHandler                        0x080002f7   Thumb Code     0  startup_stm32l476xx.o(.text)
    ADC3_IRQHandler                          0x080002f7   Thumb Code     0  startup_stm32l476xx.o(.text)
    CAN1_RX0_IRQHandler                      0x080002f7   Thumb Code     0  startup_stm32l476xx.o(.text)
    CAN1_RX1_IRQHandler                      0x080002f7   Thumb Code     0  startup_stm32l476xx.o(.text)
    CAN1_SCE_IRQHandler                      0x080002f7   Thumb Code     0  startup_stm32l476xx.o(.text)
    CAN1_TX_IRQHandler                       0x080002f7   Thumb Code     0  startup_stm32l476xx.o(.text)
    COMP_IRQHandler                          0x080002f7   Thumb Code     0  startup_stm32l476xx.o(.text)
    DFSDM1_FLT0_IRQHandler                   0x080002f7   Thumb Code     0  startup_stm32l476xx.o(.text)
    DFSDM1_FLT1_IRQHandler                   0x080002f7   Thumb Code     0  startup_stm32l476xx.o(.text)
    DFSDM1_FLT2_IRQHandler                   0x080002f7   Thumb Code     0  startup_stm32l476xx.o(.text)
    DFSDM1_FLT3_IRQHandler                   0x080002f7   Thumb Code     0  startup_stm32l476xx.o(.text)
    DMA1_Channel1_IRQHandler                 0x080002f7   Thumb Code     0  startup_stm32l476xx.o(.text)
    DMA1_Channel2_IRQHandler                 0x080002f7   Thumb Code     0  startup_stm32l476xx.o(.text)
    DMA1_Channel3_IRQHandler                 0x080002f7   Thumb Code     0  startup_stm32l476xx.o(.text)
    DMA1_Channel4_IRQHandler                 0x080002f7   Thumb Code     0  startup_stm32l476xx.o(.text)
    DMA1_Channel5_IRQHandler                 0x080002f7   Thumb Code     0  startup_stm32l476xx.o(.text)
    DMA1_Channel6_IRQHandler                 0x080002f7   Thumb Code     0  startup_stm32l476xx.o(.text)
    DMA1_Channel7_IRQHandler                 0x080002f7   Thumb Code     0  startup_stm32l476xx.o(.text)
    DMA2_Channel1_IRQHandler                 0x080002f7   Thumb Code     0  startup_stm32l476xx.o(.text)
    DMA2_Channel2_IRQHandler                 0x080002f7   Thumb Code     0  startup_stm32l476xx.o(.text)
    DMA2_Channel3_IRQHandler                 0x080002f7   Thumb Code     0  startup_stm32l476xx.o(.text)
    DMA2_Channel4_IRQHandler                 0x080002f7   Thumb Code     0  startup_stm32l476xx.o(.text)
    DMA2_Channel5_IRQHandler                 0x080002f7   Thumb Code     0  startup_stm32l476xx.o(.text)
    DMA2_Channel6_IRQHandler                 0x080002f7   Thumb Code     0  startup_stm32l476xx.o(.text)
    DMA2_Channel7_IRQHandler                 0x080002f7   Thumb Code     0  startup_stm32l476xx.o(.text)
    EXTI0_IRQHandler                         0x080002f7   Thumb Code     0  startup_stm32l476xx.o(.text)
    EXTI15_10_IRQHandler                     0x080002f7   Thumb Code     0  startup_stm32l476xx.o(.text)
    EXTI1_IRQHandler                         0x080002f7   Thumb Code     0  startup_stm32l476xx.o(.text)
    EXTI2_IRQHandler                         0x080002f7   Thumb Code     0  startup_stm32l476xx.o(.text)
    EXTI3_IRQHandler                         0x080002f7   Thumb Code     0  startup_stm32l476xx.o(.text)
    EXTI4_IRQHandler                         0x080002f7   Thumb Code     0  startup_stm32l476xx.o(.text)
    EXTI9_5_IRQHandler                       0x080002f7   Thumb Code     0  startup_stm32l476xx.o(.text)
    FLASH_IRQHandler                         0x080002f7   Thumb Code     0  startup_stm32l476xx.o(.text)
    FMC_IRQHandler                           0x080002f7   Thumb Code     0  startup_stm32l476xx.o(.text)
    FPU_IRQHandler                           0x080002f7   Thumb Code     0  startup_stm32l476xx.o(.text)
    I2C1_ER_IRQHandler                       0x080002f7   Thumb Code     0  startup_stm32l476xx.o(.text)
    I2C1_EV_IRQHandler                       0x080002f7   Thumb Code     0  startup_stm32l476xx.o(.text)
    I2C2_ER_IRQHandler                       0x080002f7   Thumb Code     0  startup_stm32l476xx.o(.text)
    I2C2_EV_IRQHandler                       0x080002f7   Thumb Code     0  startup_stm32l476xx.o(.text)
    I2C3_ER_IRQHandler                       0x080002f7   Thumb Code     0  startup_stm32l476xx.o(.text)
    I2C3_EV_IRQHandler                       0x080002f7   Thumb Code     0  startup_stm32l476xx.o(.text)
    LCD_IRQHandler                           0x080002f7   Thumb Code     0  startup_stm32l476xx.o(.text)
    LPTIM1_IRQHandler                        0x080002f7   Thumb Code     0  startup_stm32l476xx.o(.text)
    LPTIM2_IRQHandler                        0x080002f7   Thumb Code     0  startup_stm32l476xx.o(.text)
    LPUART1_IRQHandler                       0x080002f7   Thumb Code     0  startup_stm32l476xx.o(.text)
    OTG_FS_IRQHandler                        0x080002f7   Thumb Code     0  startup_stm32l476xx.o(.text)
    PVD_PVM_IRQHandler                       0x080002f7   Thumb Code     0  startup_stm32l476xx.o(.text)
    QUADSPI_IRQHandler                       0x080002f7   Thumb Code     0  startup_stm32l476xx.o(.text)
    RCC_IRQHandler                           0x080002f7   Thumb Code     0  startup_stm32l476xx.o(.text)
    RNG_IRQHandler                           0x080002f7   Thumb Code     0  startup_stm32l476xx.o(.text)
    RTC_Alarm_IRQHandler                     0x080002f7   Thumb Code     0  startup_stm32l476xx.o(.text)
    RTC_WKUP_IRQHandler                      0x080002f7   Thumb Code     0  startup_stm32l476xx.o(.text)
    SAI1_IRQHandler                          0x080002f7   Thumb Code     0  startup_stm32l476xx.o(.text)
    SAI2_IRQHandler                          0x080002f7   Thumb Code     0  startup_stm32l476xx.o(.text)
    SDMMC1_IRQHandler                        0x080002f7   Thumb Code     0  startup_stm32l476xx.o(.text)
    SPI1_IRQHandler                          0x080002f7   Thumb Code     0  startup_stm32l476xx.o(.text)
    SPI2_IRQHandler                          0x080002f7   Thumb Code     0  startup_stm32l476xx.o(.text)
    SPI3_IRQHandler                          0x080002f7   Thumb Code     0  startup_stm32l476xx.o(.text)
    SWPMI1_IRQHandler                        0x080002f7   Thumb Code     0  startup_stm32l476xx.o(.text)
    TAMP_STAMP_IRQHandler                    0x080002f7   Thumb Code     0  startup_stm32l476xx.o(.text)
    TIM1_BRK_TIM15_IRQHandler                0x080002f7   Thumb Code     0  startup_stm32l476xx.o(.text)
    TIM1_CC_IRQHandler                       0x080002f7   Thumb Code     0  startup_stm32l476xx.o(.text)
    TIM1_TRG_COM_TIM17_IRQHandler            0x080002f7   Thumb Code     0  startup_stm32l476xx.o(.text)
    TIM1_UP_TIM16_IRQHandler                 0x080002f7   Thumb Code     0  startup_stm32l476xx.o(.text)
    TIM3_IRQHandler                          0x080002f7   Thumb Code     0  startup_stm32l476xx.o(.text)
    TIM4_IRQHandler                          0x080002f7   Thumb Code     0  startup_stm32l476xx.o(.text)
    TIM5_IRQHandler                          0x080002f7   Thumb Code     0  startup_stm32l476xx.o(.text)
    TIM6_DAC_IRQHandler                      0x080002f7   Thumb Code     0  startup_stm32l476xx.o(.text)
    TIM7_IRQHandler                          0x080002f7   Thumb Code     0  startup_stm32l476xx.o(.text)
    TIM8_BRK_IRQHandler                      0x080002f7   Thumb Code     0  startup_stm32l476xx.o(.text)
    TIM8_CC_IRQHandler                       0x080002f7   Thumb Code     0  startup_stm32l476xx.o(.text)
    TIM8_TRG_COM_IRQHandler                  0x080002f7   Thumb Code     0  startup_stm32l476xx.o(.text)
    TIM8_UP_IRQHandler                       0x080002f7   Thumb Code     0  startup_stm32l476xx.o(.text)
    TSC_IRQHandler                           0x080002f7   Thumb Code     0  startup_stm32l476xx.o(.text)
    UART4_IRQHandler                         0x080002f7   Thumb Code     0  startup_stm32l476xx.o(.text)
    UART5_IRQHandler                         0x080002f7   Thumb Code     0  startup_stm32l476xx.o(.text)
    USART1_IRQHandler                        0x080002f7   Thumb Code     0  startup_stm32l476xx.o(.text)
    USART2_IRQHandler                        0x080002f7   Thumb Code     0  startup_stm32l476xx.o(.text)
    USART3_IRQHandler                        0x080002f7   Thumb Code     0  startup_stm32l476xx.o(.text)
    WWDG_IRQHandler                          0x080002f7   Thumb Code     0  startup_stm32l476xx.o(.text)
    __user_initial_stackheap                 0x080002f9   Thumb Code     0  startup_stm32l476xx.o(.text)
    malloc                                   0x0800031d   Thumb Code    94  h1_alloc.o(.text)
    vsnprintf                                0x0800037d   Thumb Code    56  vsnprintf.o(.text)
    __0sscanf                                0x080003b9   Thumb Code    52  __0sscanf.o(.text)
    _scanf_int                               0x080003f5   Thumb Code   332  _scanf_int.o(.text)
    _scanf_string                            0x08000547   Thumb Code   224  _scanf_str.o(.text)
    memcmp                                   0x0800062d   Thumb Code    88  memcmp.o(.text)
    strcpy                                   0x08000685   Thumb Code    72  strcpy.o(.text)
    __aeabi_memclr                           0x080006cd   Thumb Code     0  rt_memclr.o(.text)
    __rt_memclr                              0x080006cd   Thumb Code     0  rt_memclr.o(.text)
    _memset                                  0x080006d1   Thumb Code    64  rt_memclr.o(.text)
    __aeabi_memclr4                          0x08000711   Thumb Code     0  rt_memclr_w.o(.text)
    __aeabi_memclr8                          0x08000711   Thumb Code     0  rt_memclr_w.o(.text)
    __rt_memclr_w                            0x08000711   Thumb Code     0  rt_memclr_w.o(.text)
    _memset_w                                0x08000715   Thumb Code    74  rt_memclr_w.o(.text)
    strncpy                                  0x0800075f   Thumb Code    86  strncpy.o(.text)
    __use_two_region_memory                  0x080007b5   Thumb Code     2  heapauxi.o(.text)
    __rt_heap_escrow                         0x080007b7   Thumb Code     2  heapauxi.o(.text)
    __rt_heap_expand                         0x080007b9   Thumb Code     2  heapauxi.o(.text)
    __rt_heap_descriptor                     0x080007bd   Thumb Code     8  rt_heap_descriptor_intlibspace.o(.text)
    __use_no_heap                            0x080007c5   Thumb Code     2  hguard.o(.text)
    __heap$guard                             0x080007c7   Thumb Code     2  hguard.o(.text)
    _terminate_user_alloc                    0x080007c9   Thumb Code     2  init_alloc.o(.text)
    _init_user_alloc                         0x080007cb   Thumb Code     2  init_alloc.o(.text)
    __Heap_Full                              0x080007cd   Thumb Code    34  init_alloc.o(.text)
    __Heap_Broken                            0x080007ef   Thumb Code     6  init_alloc.o(.text)
    _init_alloc                              0x080007f5   Thumb Code    94  init_alloc.o(.text)
    __Heap_Initialize                        0x08000853   Thumb Code    10  h1_init.o(.text)
    __Heap_DescSize                          0x0800085d   Thumb Code     4  h1_init.o(.text)
    free                                     0x08000861   Thumb Code    78  h1_free.o(.text)
    _printf_pre_padding                      0x080008af   Thumb Code    44  _printf_pad.o(.text)
    _printf_post_padding                     0x080008db   Thumb Code    34  _printf_pad.o(.text)
    _printf_truncate_signed                  0x080008fd   Thumb Code    18  _printf_truncate.o(.text)
    _printf_truncate_unsigned                0x0800090f   Thumb Code    18  _printf_truncate.o(.text)
    _printf_str                              0x08000921   Thumb Code    82  _printf_str.o(.text)
    _printf_int_dec                          0x08000975   Thumb Code   104  _printf_dec.o(.text)
    _printf_charcount                        0x080009ed   Thumb Code    40  _printf_charcount.o(.text)
    _printf_char_common                      0x08000a1f   Thumb Code    32  _printf_char_common.o(.text)
    _snputc                                  0x08000a45   Thumb Code    16  _snputc.o(.text)
    _printf_wctomb                           0x08000a55   Thumb Code   182  _printf_wctomb.o(.text)
    _printf_longlong_dec                     0x08000b19   Thumb Code   108  _printf_longlong_dec.o(.text)
    _printf_longlong_oct                     0x08000b95   Thumb Code    68  _printf_oct_int_ll.o(.text)
    _printf_int_oct                          0x08000bd9   Thumb Code    24  _printf_oct_int_ll.o(.text)
    _printf_ll_oct                           0x08000bf1   Thumb Code    12  _printf_oct_int_ll.o(.text)
    _printf_longlong_hex                     0x08000c05   Thumb Code    86  _printf_hex_int_ll_ptr.o(.text)
    _printf_int_hex                          0x08000c5b   Thumb Code    28  _printf_hex_int_ll_ptr.o(.text)
    _printf_ll_hex                           0x08000c77   Thumb Code    12  _printf_hex_int_ll_ptr.o(.text)
    _printf_hex_ptr                          0x08000c83   Thumb Code    18  _printf_hex_int_ll_ptr.o(.text)
    __printf                                 0x08000c99   Thumb Code   388  __printf_flags_ss_wp.o(.text)
    _chval                                   0x08000e27   Thumb Code    28  _chval.o(.text)
    __vfscanf_char                           0x08000e51   Thumb Code    24  scanf_char.o(.text)
    _sgetc                                   0x08000e71   Thumb Code    30  _sgetc.o(.text)
    _sbackspace                              0x08000e8f   Thumb Code    34  _sgetc.o(.text)
    __user_libspace                          0x08000eb1   Thumb Code     8  libspace.o(.text)
    __user_perproc_libspace                  0x08000eb1   Thumb Code     0  libspace.o(.text)
    __user_perthread_libspace                0x08000eb1   Thumb Code     0  libspace.o(.text)
    __Heap_ProvideMemory                     0x08000eb9   Thumb Code    52  h1_extend.o(.text)
    _maybe_terminate_alloc                   0x08000eb9   Thumb Code     0  maybetermalloc1.o(.text)
    _ll_udiv10                               0x08000eed   Thumb Code   138  lludiv10.o(.text)
    isspace                                  0x08000f77   Thumb Code    18  isspace.o(.text)
    _printf_int_common                       0x08000f89   Thumb Code   178  _printf_intcommon.o(.text)
    _printf_fp_dec_real                      0x080011eb   Thumb Code   620  _printf_fp_dec.o(.text)
    _printf_fp_hex_real                      0x0800145d   Thumb Code   756  _printf_fp_hex.o(.text)
    _printf_cs_common                        0x0800175f   Thumb Code    20  _printf_char.o(.text)
    _printf_char                             0x08001773   Thumb Code    16  _printf_char.o(.text)
    _printf_string                           0x08001783   Thumb Code     8  _printf_char.o(.text)
    _printf_lcs_common                       0x0800178b   Thumb Code    20  _printf_wchar.o(.text)
    _printf_wchar                            0x0800179f   Thumb Code    16  _printf_wchar.o(.text)
    _printf_wstring                          0x080017af   Thumb Code     8  _printf_wchar.o(.text)
    __vfscanf                                0x080017b9   Thumb Code   878  _scanf.o(.text)
    _c16rtomb                                0x08001b33   Thumb Code    72  _c16rtomb.o(.text)
    _wcrtomb                                 0x08001b33   Thumb Code     0  _c16rtomb.o(.text)
    __rt_SIGRTMEM                            0x08001b7b   Thumb Code    14  defsig_rtmem_outer.o(.text)
    __I$use$semihosting                      0x08001b89   Thumb Code     0  use_no_semi.o(.text)
    __use_no_semihosting_swi                 0x08001b89   Thumb Code     2  use_no_semi.o(.text)
    __semihosting_library_function           0x08001b8b   Thumb Code     0  indicate_semi.o(.text)
    __user_setup_stackheap                   0x08001b8b   Thumb Code    74  sys_stackheap_outer.o(.text)
    __rt_ctype_table                         0x08001bd5   Thumb Code    16  rt_ctype_table.o(.text)
    __rt_locale                              0x08001be5   Thumb Code     8  rt_locale_intlibspace.o(.text)
    _printf_fp_infnan                        0x08001bed   Thumb Code   112  _printf_fp_infnan.o(.text)
    _btod_etento                             0x08001c6d   Thumb Code   224  bigflt0.o(.text)
    exit                                     0x08001d51   Thumb Code    18  exit.o(.text)
    __sig_exit                               0x08001d63   Thumb Code    10  defsig_exit.o(.text)
    __rt_SIGRTMEM_inner                      0x08001d6d   Thumb Code    22  defsig_rtmem_inner.o(.text)
    _sys_exit                                0x08001dbd   Thumb Code     8  sys_exit.o(.text)
    __default_signal_display                 0x08001dc9   Thumb Code    50  defsig_general.o(.text)
    strcmp                                   0x08001e01   Thumb Code   124  strcmpv7em.o(.text)
    _ttywrch                                 0x08001e7d   Thumb Code    14  sys_wrch.o(.text)
    BusFault_Handler                         0x08001e8d   Thumb Code     2  stm32l4xx_it.o(.text.BusFault_Handler)
    ClearBitMask                             0x08001e91   Thumb Code   364  rc522.o(.text.ClearBitMask)
    DebugMon_Handler                         0x08001ffd   Thumb Code     2  stm32l4xx_it.o(.text.DebugMon_Handler)
    FATFS_LinkDriver                         0x08002001   Thumb Code    76  ff_gen_drv.o(.text.FATFS_LinkDriver)
    HAL_IncTick                              0x0800204d   Thumb Code    26  stm32l4xx_hal.o(.text.HAL_IncTick)
    HAL_Init                                 0x08002069   Thumb Code    46  stm32l4xx_hal.o(.text.HAL_Init)
    HAL_InitTick                             0x08002099   Thumb Code    76  stm32l4xx_hal.o(.text.HAL_InitTick)
    HAL_MspInit                              0x080020e5   Thumb Code    50  stm32l4xx_hal_msp.o(.text.HAL_MspInit)
    HAL_NVIC_SetPriority                     0x08002119   Thumb Code    86  stm32l4xx_hal_cortex.o(.text.HAL_NVIC_SetPriority)
    HAL_NVIC_SetPriorityGrouping             0x08002171   Thumb Code    32  stm32l4xx_hal_cortex.o(.text.HAL_NVIC_SetPriorityGrouping)
    HAL_SYSTICK_Config                       0x08002191   Thumb Code    44  stm32l4xx_hal_cortex.o(.text.HAL_SYSTICK_Config)
    HardFault_Handler                        0x080021bd   Thumb Code     2  stm32l4xx_it.o(.text.HardFault_Handler)
    LL_GPIO_Init                             0x080021c1   Thumb Code   226  stm32l4xx_ll_gpio.o(.text.LL_GPIO_Init)
    LL_RCC_GetUARTClockFreq                  0x080022a9   Thumb Code   150  stm32l4xx_ll_rcc.o(.text.LL_RCC_GetUARTClockFreq)
    LL_RCC_GetUSARTClockFreq                 0x08002341   Thumb Code   208  stm32l4xx_ll_rcc.o(.text.LL_RCC_GetUSARTClockFreq)
    LL_SPI_Init                              0x08002411   Thumb Code   126  stm32l4xx_ll_spi.o(.text.LL_SPI_Init)
    LL_SetSystemCoreClock                    0x08002491   Thumb Code    12  stm32l4xx_ll_utils.o(.text.LL_SetSystemCoreClock)
    LL_TIM_Init                              0x0800249d   Thumb Code   310  stm32l4xx_ll_tim.o(.text.LL_TIM_Init)
    LL_TIM_OC_Init                           0x080025d5   Thumb Code   840  stm32l4xx_ll_tim.o(.text.LL_TIM_OC_Init)
    LL_USART_Init                            0x0800291d   Thumb Code   256  stm32l4xx_ll_usart.o(.text.LL_USART_Init)
    LL_mDelay                                0x08002a1d   Thumb Code    70  stm32l4xx_ll_utils.o(.text.LL_mDelay)
    MFRC522_Anticoll                         0x08002a65   Thumb Code   212  rc522.o(.text.MFRC522_Anticoll)
    MFRC522_Init                             0x08002b39   Thumb Code  1148  rc522.o(.text.MFRC522_Init)
    MFRC522_Request                          0x08002fb5   Thumb Code   200  rc522.o(.text.MFRC522_Request)
    MFRC522_ToCard                           0x0800307d   Thumb Code  1762  rc522.o(.text.MFRC522_ToCard)
    MX_FATFS_Init                            0x08003765   Thumb Code    28  fatfs.o(.text.MX_FATFS_Init)
    MemManage_Handler                        0x08003781   Thumb Code     2  stm32l4xx_it.o(.text.MemManage_Handler)
    NMI_Handler                              0x08003785   Thumb Code     2  stm32l4xx_it.o(.text.NMI_Handler)
    PendSV_Handler                           0x08003789   Thumb Code     2  stm32l4xx_it.o(.text.PendSV_Handler)
    SPI2_ReceiveByte                         0x08003899   Thumb Code    70  main.o(.text.SPI2_ReceiveByte)
    SPI2_TransmitByte                        0x080038e1   Thumb Code    70  main.o(.text.SPI2_TransmitByte)
    SPI3_ReceiveByte                         0x08003929   Thumb Code    70  main.o(.text.SPI3_ReceiveByte)
    SVC_Handler                              0x08003971   Thumb Code     2  stm32l4xx_it.o(.text.SVC_Handler)
    SetBitMask                               0x08003975   Thumb Code   354  rc522.o(.text.SetBitMask)
    SysTick_Handler                          0x08003ad9   Thumb Code     4  stm32l4xx_it.o(.text.SysTick_Handler)
    SystemClock_Config                       0x08003add   Thumb Code   414  main.o(.text.SystemClock_Config)
    SystemInit                               0x08003c7d   Thumb Code    18  system_stm32l4xx.o(.text.SystemInit)
    TIM2_IRQHandler                          0x08003c91   Thumb Code   242  stm32l4xx_it.o(.text.TIM2_IRQHandler)
    USER_SPI_initialize                      0x08003d85   Thumb Code   530  user_diskio_spi.o(.text.USER_SPI_initialize)
    USER_SPI_ioctl                           0x08003f99   Thumb Code   952  user_diskio_spi.o(.text.USER_SPI_ioctl)
    USER_SPI_read                            0x08004351   Thumb Code   168  user_diskio_spi.o(.text.USER_SPI_read)
    USER_SPI_status                          0x080043f9   Thumb Code    20  user_diskio_spi.o(.text.USER_SPI_status)
    USER_SPI_write                           0x0800440d   Thumb Code   232  user_diskio_spi.o(.text.USER_SPI_write)
    USER_initialize                          0x080044f5   Thumb Code     4  user_diskio.o(.text.USER_initialize)
    USER_ioctl                               0x080044f9   Thumb Code     4  user_diskio.o(.text.USER_ioctl)
    USER_read                                0x080044fd   Thumb Code     4  user_diskio.o(.text.USER_read)
    USER_status                              0x08004501   Thumb Code     4  user_diskio.o(.text.USER_status)
    USER_write                               0x08004505   Thumb Code     4  user_diskio.o(.text.USER_write)
    UsageFault_Handler                       0x08004509   Thumb Code     2  stm32l4xx_it.o(.text.UsageFault_Handler)
    disk_initialize                          0x080048d1   Thumb Code    36  diskio.o(.text.disk_initialize)
    disk_ioctl                               0x080048f5   Thumb Code    22  diskio.o(.text.disk_ioctl)
    disk_read                                0x0800490d   Thumb Code    32  diskio.o(.text.disk_read)
    disk_status                              0x0800492d   Thumb Code    22  diskio.o(.text.disk_status)
    disk_write                               0x08004945   Thumb Code    32  diskio.o(.text.disk_write)
    f_close                                  0x08004965   Thumb Code   104  ff.o(.text.f_close)
    f_gets                                   0x080049cd   Thumb Code   112  ff.o(.text.f_gets)
    f_mount                                  0x08004a3d   Thumb Code   268  ff.o(.text.f_mount)
    f_open                                   0x08004b49   Thumb Code  1000  ff.o(.text.f_open)
    f_read                                   0x08004f39   Thumb Code   760  ff.o(.text.f_read)
    f_sync                                   0x08005239   Thumb Code   190  ff.o(.text.f_sync)
    get_fattime                              0x08005f59   Thumb Code     4  fatfs.o(.text.get_fattime)
    main                                     0x08005f5d   Thumb Code  2172  main.o(.text.main)
    myprintf                                 0x0800689d   Thumb Code   138  main.o(.text.myprintf)
    read_sdCard                              0x08006ab1   Thumb Code  1108  main.o(.text.read_sdCard)
    _btod_d2e                                0x0800730b   Thumb Code    62  btod.o(CL$$btod_d2e)
    _d2e_denorm_low                          0x08007349   Thumb Code    70  btod.o(CL$$btod_d2e_denorm_low)
    _d2e_norm_op1                            0x0800738f   Thumb Code    96  btod.o(CL$$btod_d2e_norm_op1)
    __btod_div_common                        0x080073f1   Thumb Code   696  btod.o(CL$$btod_div_common)
    _e2e                                     0x08007729   Thumb Code   220  btod.o(CL$$btod_e2e)
    _btod_ediv                               0x08007805   Thumb Code    42  btod.o(CL$$btod_ediv)
    _btod_emul                               0x0800782f   Thumb Code    42  btod.o(CL$$btod_emul)
    __btod_mult_common                       0x08007859   Thumb Code   580  btod.o(CL$$btod_mult_common)
    __ARM_fpclassify                         0x08007a9d   Thumb Code    48  fpclassify.o(i.__ARM_fpclassify)
    _is_digit                                0x08007acd   Thumb Code    14  __printf_wp.o(i._is_digit)
    _get_lc_numeric                          0x08007add   Thumb Code    44  lc_numeric_c.o(locale$$code)
    _get_lc_ctype                            0x08007b09   Thumb Code    44  lc_ctype_c.o(locale$$code)
    _fp_init                                 0x08007b35   Thumb Code    26  fpinit.o(x$fpl$fpinit)
    __fplib_config_fpu_vfp                   0x08007b4d   Thumb Code     0  fpinit.o(x$fpl$fpinit)
    __fplib_config_pureend_doubles           0x08007b4d   Thumb Code     0  fpinit.o(x$fpl$fpinit)
    _printf_fp_dec                           0x08007b4f   Thumb Code     4  printf1.o(x$fpl$printf1)
    _printf_fp_hex                           0x08007b53   Thumb Code     4  printf2.o(x$fpl$printf2)
    __I$use$fp                               0x08007b56   Number         0  usenofp.o(x$fpl$usenofp)
    AHBPrescTable                            0x08007c54   Data          16  system_stm32l4xx.o(.rodata.AHBPrescTable)
    APBPrescTable                            0x08007c64   Data           8  system_stm32l4xx.o(.rodata.APBPrescTable)
    MSIRangeTable                            0x08007cec   Data          48  system_stm32l4xx.o(.rodata.MSIRangeTable)
    Region$$Table$$Base                      0x08007e04   Number         0  anon$$obj.o(Region$$Table)
    Region$$Table$$Limit                     0x08007e24   Number         0  anon$$obj.o(Region$$Table)
    __ctype                                  0x08007e4d   Data           0  lc_ctype_c.o(locale$$data)
    direction                                0x20000000   Data           1  stm32l4xx_it.o(.data..L_MergedGlobals)
    servo_pulse                              0x20000004   Data           4  stm32l4xx_it.o(.data..L_MergedGlobals)
    uwTickFreq                               0x20000008   Data           1  stm32l4xx_hal.o(.data..L_MergedGlobals)
    uwTickPrio                               0x2000000c   Data           4  stm32l4xx_hal.o(.data..L_MergedGlobals)
    SystemCoreClock                          0x20000014   Data           4  system_stm32l4xx.o(.data.SystemCoreClock)
    USER_Driver                              0x20000018   Data          20  user_diskio.o(.data.USER_Driver)
    __libspace_start                         0x20000030   Data          96  libspace.o(.bss)
    __temporary_stack_top$libspace           0x20000090   Data           0  libspace.o(.bss)
    spiTimerTickStart                        0x20000094   Data           4  user_diskio_spi.o(.bss..L_MergedGlobals)
    spiTimerTickDelay                        0x20000098   Data           4  user_diskio_spi.o(.bss..L_MergedGlobals)
    status                                   0x2000009c   Data           1  main.o(.bss..L_MergedGlobals)
    head                                     0x200000a0   Data           4  main.o(.bss..L_MergedGlobals)
    sNum                                     0x200000a4   Data           5  main.o(.bss..L_MergedGlobals)
    str                                      0x200000a9   Data          16  main.o(.bss..L_MergedGlobals)
    retUSER                                  0x200000b9   Data           1  fatfs.o(.bss..L_MergedGlobals)
    USERPath                                 0x200000ba   Data           4  fatfs.o(.bss..L_MergedGlobals)
    flag_servo                               0x200000e8   Data           1  stm32l4xx_it.o(.bss..L_MergedGlobals.1)
    led_state                                0x200000e9   Data           1  stm32l4xx_it.o(.bss..L_MergedGlobals.1)
    steps                                    0x200000ec   Data           4  stm32l4xx_it.o(.bss..L_MergedGlobals.1)
    hold_counter                             0x200000f0   Data           4  stm32l4xx_it.o(.bss..L_MergedGlobals.1)
    led_toggle_counter                       0x200000f4   Data           4  stm32l4xx_it.o(.bss..L_MergedGlobals.1)
    FatFs                                    0x200000f8   Data         560  main.o(.bss.FatFs)
    disk                                     0x20000328   Data          12  ff_gen_drv.o(.bss.disk)
    fil                                      0x20000334   Data         560  main.o(.bss.fil)
    uwTick                                   0x20000664   Data           4  stm32l4xx_hal.o(.bss.uwTick)



==============================================================================

Memory Map of the image

  Image Entry point : 0x08000189

  Load Region LR_IROM1 (Base: 0x08000000, Size: 0x00007f80, Max: 0x00100000, ABSOLUTE)

    Execution Region ER_IROM1 (Exec base: 0x08000000, Load base: 0x08000000, Size: 0x00007f50, Max: 0x00100000, ABSOLUTE)

    Exec Addr    Load Addr    Size         Type   Attr      Idx    E Section Name        Object

    0x08000000   0x08000000   0x00000188   Data   RO            3    RESET               startup_stm32l476xx.o
    0x08000188   0x08000188   0x00000008   Code   RO         1096  * !!!main             c_w.l(__main.o)
    0x08000190   0x08000190   0x00000034   Code   RO         1493    !!!scatter          c_w.l(__scatter.o)
    0x080001c4   0x080001c4   0x0000001a   Code   RO         1495    !!handler_copy      c_w.l(__scatter_copy.o)
    0x080001de   0x080001de   0x00000002   PAD
    0x080001e0   0x080001e0   0x0000001c   Code   RO         1497    !!handler_zi        c_w.l(__scatter_zi.o)
    0x080001fc   0x080001fc   0x00000000   Code   RO         1211    .ARM.Collect$$_printf_percent$$00000000  c_w.l(_printf_percent.o)
    0x080001fc   0x080001fc   0x00000006   Code   RO         1200    .ARM.Collect$$_printf_percent$$00000001  c_w.l(_printf_n.o)
    0x08000202   0x08000202   0x00000006   Code   RO         1202    .ARM.Collect$$_printf_percent$$00000002  c_w.l(_printf_p.o)
    0x08000208   0x08000208   0x00000006   Code   RO         1207    .ARM.Collect$$_printf_percent$$00000003  c_w.l(_printf_f.o)
    0x0800020e   0x0800020e   0x00000006   Code   RO         1208    .ARM.Collect$$_printf_percent$$00000004  c_w.l(_printf_e.o)
    0x08000214   0x08000214   0x00000006   Code   RO         1209    .ARM.Collect$$_printf_percent$$00000005  c_w.l(_printf_g.o)
    0x0800021a   0x0800021a   0x00000006   Code   RO         1210    .ARM.Collect$$_printf_percent$$00000006  c_w.l(_printf_a.o)
    0x08000220   0x08000220   0x0000000a   Code   RO         1215    .ARM.Collect$$_printf_percent$$00000007  c_w.l(_printf_ll.o)
    0x0800022a   0x0800022a   0x00000006   Code   RO         1204    .ARM.Collect$$_printf_percent$$00000008  c_w.l(_printf_i.o)
    0x08000230   0x08000230   0x00000006   Code   RO         1205    .ARM.Collect$$_printf_percent$$00000009  c_w.l(_printf_d.o)
    0x08000236   0x08000236   0x00000006   Code   RO         1206    .ARM.Collect$$_printf_percent$$0000000A  c_w.l(_printf_u.o)
    0x0800023c   0x0800023c   0x00000006   Code   RO         1203    .ARM.Collect$$_printf_percent$$0000000B  c_w.l(_printf_o.o)
    0x08000242   0x08000242   0x00000006   Code   RO         1201    .ARM.Collect$$_printf_percent$$0000000C  c_w.l(_printf_x.o)
    0x08000248   0x08000248   0x00000006   Code   RO         1212    .ARM.Collect$$_printf_percent$$0000000D  c_w.l(_printf_lli.o)
    0x0800024e   0x0800024e   0x00000006   Code   RO         1213    .ARM.Collect$$_printf_percent$$0000000E  c_w.l(_printf_lld.o)
    0x08000254   0x08000254   0x00000006   Code   RO         1214    .ARM.Collect$$_printf_percent$$0000000F  c_w.l(_printf_llu.o)
    0x0800025a   0x0800025a   0x00000006   Code   RO         1219    .ARM.Collect$$_printf_percent$$00000010  c_w.l(_printf_llo.o)
    0x08000260   0x08000260   0x00000006   Code   RO         1220    .ARM.Collect$$_printf_percent$$00000011  c_w.l(_printf_llx.o)
    0x08000266   0x08000266   0x0000000a   Code   RO         1216    .ARM.Collect$$_printf_percent$$00000012  c_w.l(_printf_l.o)
    0x08000270   0x08000270   0x00000006   Code   RO         1198    .ARM.Collect$$_printf_percent$$00000013  c_w.l(_printf_c.o)
    0x08000276   0x08000276   0x00000006   Code   RO         1199    .ARM.Collect$$_printf_percent$$00000014  c_w.l(_printf_s.o)
    0x0800027c   0x0800027c   0x00000006   Code   RO         1217    .ARM.Collect$$_printf_percent$$00000015  c_w.l(_printf_lc.o)
    0x08000282   0x08000282   0x00000006   Code   RO         1218    .ARM.Collect$$_printf_percent$$00000016  c_w.l(_printf_ls.o)
    0x08000288   0x08000288   0x00000004   Code   RO         1335    .ARM.Collect$$_printf_percent$$00000017  c_w.l(_printf_percent_end.o)
    0x0800028c   0x0800028c   0x00000002   Code   RO         1414    .ARM.Collect$$libinit$$00000000  c_w.l(libinit.o)
    0x0800028e   0x0800028e   0x00000004   Code   RO         1231    .ARM.Collect$$libinit$$00000001  c_w.l(libinit2.o)
    0x08000292   0x08000292   0x00000000   Code   RO         1234    .ARM.Collect$$libinit$$00000004  c_w.l(libinit2.o)
    0x08000292   0x08000292   0x00000000   Code   RO         1236    .ARM.Collect$$libinit$$00000006  c_w.l(libinit2.o)
    0x08000292   0x08000292   0x00000008   Code   RO         1237    .ARM.Collect$$libinit$$00000007  c_w.l(libinit2.o)
    0x0800029a   0x0800029a   0x00000000   Code   RO         1239    .ARM.Collect$$libinit$$0000000C  c_w.l(libinit2.o)
    0x0800029a   0x0800029a   0x00000000   Code   RO         1241    .ARM.Collect$$libinit$$0000000E  c_w.l(libinit2.o)
    0x0800029a   0x0800029a   0x00000000   Code   RO         1243    .ARM.Collect$$libinit$$00000010  c_w.l(libinit2.o)
    0x0800029a   0x0800029a   0x00000006   Code   RO         1244    .ARM.Collect$$libinit$$00000011  c_w.l(libinit2.o)
    0x080002a0   0x080002a0   0x00000000   Code   RO         1246    .ARM.Collect$$libinit$$00000013  c_w.l(libinit2.o)
    0x080002a0   0x080002a0   0x0000000c   Code   RO         1247    .ARM.Collect$$libinit$$00000014  c_w.l(libinit2.o)
    0x080002ac   0x080002ac   0x00000000   Code   RO         1248    .ARM.Collect$$libinit$$00000015  c_w.l(libinit2.o)
    0x080002ac   0x080002ac   0x00000000   Code   RO         1250    .ARM.Collect$$libinit$$00000017  c_w.l(libinit2.o)
    0x080002ac   0x080002ac   0x0000000a   Code   RO         1251    .ARM.Collect$$libinit$$00000018  c_w.l(libinit2.o)
    0x080002b6   0x080002b6   0x00000000   Code   RO         1252    .ARM.Collect$$libinit$$00000019  c_w.l(libinit2.o)
    0x080002b6   0x080002b6   0x00000000   Code   RO         1254    .ARM.Collect$$libinit$$0000001B  c_w.l(libinit2.o)
    0x080002b6   0x080002b6   0x00000000   Code   RO         1256    .ARM.Collect$$libinit$$0000001D  c_w.l(libinit2.o)
    0x080002b6   0x080002b6   0x00000000   Code   RO         1258    .ARM.Collect$$libinit$$0000001F  c_w.l(libinit2.o)
    0x080002b6   0x080002b6   0x00000000   Code   RO         1260    .ARM.Collect$$libinit$$00000021  c_w.l(libinit2.o)
    0x080002b6   0x080002b6   0x00000000   Code   RO         1262    .ARM.Collect$$libinit$$00000023  c_w.l(libinit2.o)
    0x080002b6   0x080002b6   0x00000000   Code   RO         1264    .ARM.Collect$$libinit$$00000025  c_w.l(libinit2.o)
    0x080002b6   0x080002b6   0x00000000   Code   RO         1266    .ARM.Collect$$libinit$$00000027  c_w.l(libinit2.o)
    0x080002b6   0x080002b6   0x00000000   Code   RO         1270    .ARM.Collect$$libinit$$0000002E  c_w.l(libinit2.o)
    0x080002b6   0x080002b6   0x00000000   Code   RO         1272    .ARM.Collect$$libinit$$00000030  c_w.l(libinit2.o)
    0x080002b6   0x080002b6   0x00000000   Code   RO         1274    .ARM.Collect$$libinit$$00000032  c_w.l(libinit2.o)
    0x080002b6   0x080002b6   0x00000000   Code   RO         1276    .ARM.Collect$$libinit$$00000034  c_w.l(libinit2.o)
    0x080002b6   0x080002b6   0x00000002   Code   RO         1277    .ARM.Collect$$libinit$$00000035  c_w.l(libinit2.o)
    0x080002b8   0x080002b8   0x00000002   Code   RO         1490    .ARM.Collect$$libshutdown$$00000000  c_w.l(libshutdown.o)
    0x080002ba   0x080002ba   0x00000000   Code   RO         1442    .ARM.Collect$$libshutdown$$00000002  c_w.l(libshutdown2.o)
    0x080002ba   0x080002ba   0x00000000   Code   RO         1444    .ARM.Collect$$libshutdown$$00000004  c_w.l(libshutdown2.o)
    0x080002ba   0x080002ba   0x00000000   Code   RO         1447    .ARM.Collect$$libshutdown$$00000007  c_w.l(libshutdown2.o)
    0x080002ba   0x080002ba   0x00000000   Code   RO         1450    .ARM.Collect$$libshutdown$$0000000A  c_w.l(libshutdown2.o)
    0x080002ba   0x080002ba   0x00000000   Code   RO         1452    .ARM.Collect$$libshutdown$$0000000C  c_w.l(libshutdown2.o)
    0x080002ba   0x080002ba   0x00000000   Code   RO         1455    .ARM.Collect$$libshutdown$$0000000F  c_w.l(libshutdown2.o)
    0x080002ba   0x080002ba   0x00000002   Code   RO         1456    .ARM.Collect$$libshutdown$$00000010  c_w.l(libshutdown2.o)
    0x080002bc   0x080002bc   0x00000000   Code   RO         1100    .ARM.Collect$$rtentry$$00000000  c_w.l(__rtentry.o)
    0x080002bc   0x080002bc   0x00000000   Code   RO         1294    .ARM.Collect$$rtentry$$00000002  c_w.l(__rtentry2.o)
    0x080002bc   0x080002bc   0x00000006   Code   RO         1306    .ARM.Collect$$rtentry$$00000004  c_w.l(__rtentry4.o)
    0x080002c2   0x080002c2   0x00000000   Code   RO         1296    .ARM.Collect$$rtentry$$00000009  c_w.l(__rtentry2.o)
    0x080002c2   0x080002c2   0x00000004   Code   RO         1297    .ARM.Collect$$rtentry$$0000000A  c_w.l(__rtentry2.o)
    0x080002c6   0x080002c6   0x00000000   Code   RO         1299    .ARM.Collect$$rtentry$$0000000C  c_w.l(__rtentry2.o)
    0x080002c6   0x080002c6   0x00000008   Code   RO         1300    .ARM.Collect$$rtentry$$0000000D  c_w.l(__rtentry2.o)
    0x080002ce   0x080002ce   0x00000002   Code   RO         1424    .ARM.Collect$$rtexit$$00000000  c_w.l(rtexit.o)
    0x080002d0   0x080002d0   0x00000000   Code   RO         1462    .ARM.Collect$$rtexit$$00000002  c_w.l(rtexit2.o)
    0x080002d0   0x080002d0   0x00000004   Code   RO         1463    .ARM.Collect$$rtexit$$00000003  c_w.l(rtexit2.o)
    0x080002d4   0x080002d4   0x00000006   Code   RO         1464    .ARM.Collect$$rtexit$$00000004  c_w.l(rtexit2.o)
    0x080002da   0x080002da   0x00000002   PAD
    0x080002dc   0x080002dc   0x00000040   Code   RO            4    .text               startup_stm32l476xx.o
    0x0800031c   0x0800031c   0x0000005e   Code   RO         1020    .text               c_w.l(h1_alloc.o)
    0x0800037a   0x0800037a   0x00000002   PAD
    0x0800037c   0x0800037c   0x0000003c   Code   RO         1074    .text               c_w.l(vsnprintf.o)
    0x080003b8   0x080003b8   0x0000003c   Code   RO         1076    .text               c_w.l(__0sscanf.o)
    0x080003f4   0x080003f4   0x00000152   Code   RO         1078    .text               c_w.l(_scanf_int.o)
    0x08000546   0x08000546   0x000000e6   Code   RO         1080    .text               c_w.l(_scanf_str.o)
    0x0800062c   0x0800062c   0x00000058   Code   RO         1082    .text               c_w.l(memcmp.o)
    0x08000684   0x08000684   0x00000048   Code   RO         1084    .text               c_w.l(strcpy.o)
    0x080006cc   0x080006cc   0x00000044   Code   RO         1088    .text               c_w.l(rt_memclr.o)
    0x08000710   0x08000710   0x0000004e   Code   RO         1090    .text               c_w.l(rt_memclr_w.o)
    0x0800075e   0x0800075e   0x00000056   Code   RO         1092    .text               c_w.l(strncpy.o)
    0x080007b4   0x080007b4   0x00000006   Code   RO         1094    .text               c_w.l(heapauxi.o)
    0x080007ba   0x080007ba   0x00000002   PAD
    0x080007bc   0x080007bc   0x00000008   Code   RO         1104    .text               c_w.l(rt_heap_descriptor_intlibspace.o)
    0x080007c4   0x080007c4   0x00000004   Code   RO         1106    .text               c_w.l(hguard.o)
    0x080007c8   0x080007c8   0x0000008a   Code   RO         1108    .text               c_w.l(init_alloc.o)
    0x08000852   0x08000852   0x0000000e   Code   RO         1114    .text               c_w.l(h1_init.o)
    0x08000860   0x08000860   0x0000004e   Code   RO         1116    .text               c_w.l(h1_free.o)
    0x080008ae   0x080008ae   0x0000004e   Code   RO         1132    .text               c_w.l(_printf_pad.o)
    0x080008fc   0x080008fc   0x00000024   Code   RO         1134    .text               c_w.l(_printf_truncate.o)
    0x08000920   0x08000920   0x00000052   Code   RO         1136    .text               c_w.l(_printf_str.o)
    0x08000972   0x08000972   0x00000002   PAD
    0x08000974   0x08000974   0x00000078   Code   RO         1138    .text               c_w.l(_printf_dec.o)
    0x080009ec   0x080009ec   0x00000028   Code   RO         1140    .text               c_w.l(_printf_charcount.o)
    0x08000a14   0x08000a14   0x00000030   Code   RO         1142    .text               c_w.l(_printf_char_common.o)
    0x08000a44   0x08000a44   0x00000010   Code   RO         1144    .text               c_w.l(_snputc.o)
    0x08000a54   0x08000a54   0x000000c2   Code   RO         1146    .text               c_w.l(_printf_wctomb.o)
    0x08000b16   0x08000b16   0x00000002   PAD
    0x08000b18   0x08000b18   0x0000007c   Code   RO         1149    .text               c_w.l(_printf_longlong_dec.o)
    0x08000b94   0x08000b94   0x00000070   Code   RO         1155    .text               c_w.l(_printf_oct_int_ll.o)
    0x08000c04   0x08000c04   0x00000094   Code   RO         1175    .text               c_w.l(_printf_hex_int_ll_ptr.o)
    0x08000c98   0x08000c98   0x0000018e   Code   RO         1195    .text               c_w.l(__printf_flags_ss_wp.o)
    0x08000e26   0x08000e26   0x0000001c   Code   RO         1221    .text               c_w.l(_chval.o)
    0x08000e42   0x08000e42   0x00000002   PAD
    0x08000e44   0x08000e44   0x0000002c   Code   RO         1223    .text               c_w.l(scanf_char.o)
    0x08000e70   0x08000e70   0x00000040   Code   RO         1225    .text               c_w.l(_sgetc.o)
    0x08000eb0   0x08000eb0   0x00000008   Code   RO         1290    .text               c_w.l(libspace.o)
    0x08000eb8   0x08000eb8   0x00000000   Code   RO         1310    .text               c_w.l(maybetermalloc1.o)
    0x08000eb8   0x08000eb8   0x00000034   Code   RO         1312    .text               c_w.l(h1_extend.o)
    0x08000eec   0x08000eec   0x0000008a   Code   RO         1316    .text               c_w.l(lludiv10.o)
    0x08000f76   0x08000f76   0x00000012   Code   RO         1318    .text               c_w.l(isspace.o)
    0x08000f88   0x08000f88   0x000000b2   Code   RO         1320    .text               c_w.l(_printf_intcommon.o)
    0x0800103a   0x0800103a   0x00000422   Code   RO         1322    .text               c_w.l(_printf_fp_dec.o)
    0x0800145c   0x0800145c   0x00000302   Code   RO         1326    .text               c_w.l(_printf_fp_hex.o)
    0x0800175e   0x0800175e   0x0000002c   Code   RO         1331    .text               c_w.l(_printf_char.o)
    0x0800178a   0x0800178a   0x0000002c   Code   RO         1333    .text               c_w.l(_printf_wchar.o)
    0x080017b6   0x080017b6   0x00000002   PAD
    0x080017b8   0x080017b8   0x0000037a   Code   RO         1336    .text               c_w.l(_scanf.o)
    0x08001b32   0x08001b32   0x00000048   Code   RO         1338    .text               c_w.l(_c16rtomb.o)
    0x08001b7a   0x08001b7a   0x0000000e   Code   RO         1340    .text               c_w.l(defsig_rtmem_outer.o)
    0x08001b88   0x08001b88   0x00000002   Code   RO         1351    .text               c_w.l(use_no_semi.o)
    0x08001b8a   0x08001b8a   0x00000000   Code   RO         1353    .text               c_w.l(indicate_semi.o)
    0x08001b8a   0x08001b8a   0x0000004a   Code   RO         1354    .text               c_w.l(sys_stackheap_outer.o)
    0x08001bd4   0x08001bd4   0x00000010   Code   RO         1356    .text               c_w.l(rt_ctype_table.o)
    0x08001be4   0x08001be4   0x00000008   Code   RO         1363    .text               c_w.l(rt_locale_intlibspace.o)
    0x08001bec   0x08001bec   0x00000080   Code   RO         1367    .text               c_w.l(_printf_fp_infnan.o)
    0x08001c6c   0x08001c6c   0x000000e4   Code   RO         1369    .text               c_w.l(bigflt0.o)
    0x08001d50   0x08001d50   0x00000012   Code   RO         1399    .text               c_w.l(exit.o)
    0x08001d62   0x08001d62   0x0000000a   Code   RO         1401    .text               c_w.l(defsig_exit.o)
    0x08001d6c   0x08001d6c   0x00000050   Code   RO         1403    .text               c_w.l(defsig_rtmem_inner.o)
    0x08001dbc   0x08001dbc   0x0000000c   Code   RO         1420    .text               c_w.l(sys_exit.o)
    0x08001dc8   0x08001dc8   0x00000032   Code   RO         1437    .text               c_w.l(defsig_general.o)
    0x08001dfa   0x08001dfa   0x00000006   PAD
    0x08001e00   0x08001e00   0x0000007c   Code   RO         1439    .text               c_w.l(strcmpv7em.o)
    0x08001e7c   0x08001e7c   0x0000000e   Code   RO         1457    .text               c_w.l(sys_wrch.o)
    0x08001e8a   0x08001e8a   0x00000002   PAD
    0x08001e8c   0x08001e8c   0x00000002   Code   RO          175    .text.BusFault_Handler  stm32l4xx_it.o
    0x08001e8e   0x08001e8e   0x00000002   PAD
    0x08001e90   0x08001e90   0x0000016c   Code   RO           49    .text.ClearBitMask  rc522.o
    0x08001ffc   0x08001ffc   0x00000002   Code   RO          181    .text.DebugMon_Handler  stm32l4xx_it.o
    0x08001ffe   0x08001ffe   0x00000002   PAD
    0x08002000   0x08002000   0x0000004c   Code   RO          999    .text.FATFS_LinkDriver  ff_gen_drv.o
    0x0800204c   0x0800204c   0x0000001a   Code   RO          268    .text.HAL_IncTick   stm32l4xx_hal.o
    0x08002066   0x08002066   0x00000002   PAD
    0x08002068   0x08002068   0x0000002e   Code   RO          258    .text.HAL_Init      stm32l4xx_hal.o
    0x08002096   0x08002096   0x00000002   PAD
    0x08002098   0x08002098   0x0000004c   Code   RO          260    .text.HAL_InitTick  stm32l4xx_hal.o
    0x080020e4   0x080020e4   0x00000032   Code   RO          198    .text.HAL_MspInit   stm32l4xx_hal_msp.o
    0x08002116   0x08002116   0x00000002   PAD
    0x08002118   0x08002118   0x00000056   Code   RO          679    .text.HAL_NVIC_SetPriority  stm32l4xx_hal_cortex.o
    0x0800216e   0x0800216e   0x00000002   PAD
    0x08002170   0x08002170   0x00000020   Code   RO          677    .text.HAL_NVIC_SetPriorityGrouping  stm32l4xx_hal_cortex.o
    0x08002190   0x08002190   0x0000002c   Code   RO          689    .text.HAL_SYSTICK_Config  stm32l4xx_hal_cortex.o
    0x080021bc   0x080021bc   0x00000002   Code   RO          171    .text.HardFault_Handler  stm32l4xx_it.o
    0x080021be   0x080021be   0x00000002   PAD
    0x080021c0   0x080021c0   0x000000e8   Code   RO          246    .text.LL_GPIO_Init  stm32l4xx_ll_gpio.o
    0x080022a8   0x080022a8   0x00000096   Code   RO          843    .text.LL_RCC_GetUARTClockFreq  stm32l4xx_ll_rcc.o
    0x0800233e   0x0800233e   0x00000002   PAD
    0x08002340   0x08002340   0x000000d0   Code   RO          841    .text.LL_RCC_GetUSARTClockFreq  stm32l4xx_ll_rcc.o
    0x08002410   0x08002410   0x0000007e   Code   RO          755    .text.LL_SPI_Init   stm32l4xx_ll_spi.o
    0x0800248e   0x0800248e   0x00000002   PAD
    0x08002490   0x08002490   0x0000000c   Code   RO          210    .text.LL_SetSystemCoreClock  stm32l4xx_ll_utils.o
    0x0800249c   0x0800249c   0x00000136   Code   RO          787    .text.LL_TIM_Init   stm32l4xx_ll_tim.o
    0x080025d2   0x080025d2   0x00000002   PAD
    0x080025d4   0x080025d4   0x00000348   Code   RO          791    .text.LL_TIM_OC_Init  stm32l4xx_ll_tim.o
    0x0800291c   0x0800291c   0x00000100   Code   RO          819    .text.LL_USART_Init  stm32l4xx_ll_usart.o
    0x08002a1c   0x08002a1c   0x00000046   Code   RO          208    .text.LL_mDelay     stm32l4xx_ll_utils.o
    0x08002a62   0x08002a62   0x00000002   PAD
    0x08002a64   0x08002a64   0x000000d4   Code   RO           63    .text.MFRC522_Anticoll  rc522.o
    0x08002b38   0x08002b38   0x0000047c   Code   RO           57    .text.MFRC522_Init  rc522.o
    0x08002fb4   0x08002fb4   0x000000c8   Code   RO           61    .text.MFRC522_Request  rc522.o
    0x0800307c   0x0800307c   0x000006e8   Code   RO           59    .text.MFRC522_ToCard  rc522.o
    0x08003764   0x08003764   0x0000001c   Code   RO          155    .text.MX_FATFS_Init  fatfs.o
    0x08003780   0x08003780   0x00000002   Code   RO          173    .text.MemManage_Handler  stm32l4xx_it.o
    0x08003782   0x08003782   0x00000002   PAD
    0x08003784   0x08003784   0x00000002   Code   RO          169    .text.NMI_Handler   stm32l4xx_it.o
    0x08003786   0x08003786   0x00000002   PAD
    0x08003788   0x08003788   0x00000002   Code   RO          183    .text.PendSV_Handler  stm32l4xx_it.o
    0x0800378a   0x0800378a   0x00000002   PAD
    0x0800378c   0x0800378c   0x0000010a   Code   RO          839    .text.RCC_GetSystemClockFreq  stm32l4xx_ll_rcc.o
    0x08003896   0x08003896   0x00000002   PAD
    0x08003898   0x08003898   0x00000046   Code   RO          103    .text.SPI2_ReceiveByte  main.o
    0x080038de   0x080038de   0x00000002   PAD
    0x080038e0   0x080038e0   0x00000046   Code   RO          101    .text.SPI2_TransmitByte  main.o
    0x08003926   0x08003926   0x00000002   PAD
    0x08003928   0x08003928   0x00000046   Code   RO          107    .text.SPI3_ReceiveByte  main.o
    0x0800396e   0x0800396e   0x00000002   PAD
    0x08003970   0x08003970   0x00000002   Code   RO          179    .text.SVC_Handler   stm32l4xx_it.o
    0x08003972   0x08003972   0x00000002   PAD
    0x08003974   0x08003974   0x00000162   Code   RO           47    .text.SetBitMask    rc522.o
    0x08003ad6   0x08003ad6   0x00000002   PAD
    0x08003ad8   0x08003ad8   0x00000004   Code   RO          185    .text.SysTick_Handler  stm32l4xx_it.o
    0x08003adc   0x08003adc   0x0000019e   Code   RO           93    .text.SystemClock_Config  main.o
    0x08003c7a   0x08003c7a   0x00000002   PAD
    0x08003c7c   0x08003c7c   0x00000012   Code   RO          883    .text.SystemInit    system_stm32l4xx.o
    0x08003c8e   0x08003c8e   0x00000002   PAD
    0x08003c90   0x08003c90   0x000000f2   Code   RO          187    .text.TIM2_IRQHandler  stm32l4xx_it.o
    0x08003d82   0x08003d82   0x00000002   PAD
    0x08003d84   0x08003d84   0x00000212   Code   RO           15    .text.USER_SPI_initialize  user_diskio_spi.o
    0x08003f96   0x08003f96   0x00000002   PAD
    0x08003f98   0x08003f98   0x000003b8   Code   RO           29    .text.USER_SPI_ioctl  user_diskio_spi.o
    0x08004350   0x08004350   0x000000a8   Code   RO           21    .text.USER_SPI_read  user_diskio_spi.o
    0x080043f8   0x080043f8   0x00000014   Code   RO           19    .text.USER_SPI_status  user_diskio_spi.o
    0x0800440c   0x0800440c   0x000000e8   Code   RO           25    .text.USER_SPI_write  user_diskio_spi.o
    0x080044f4   0x080044f4   0x00000004   Code   RO          137    .text.USER_initialize  user_diskio.o
    0x080044f8   0x080044f8   0x00000004   Code   RO          145    .text.USER_ioctl    user_diskio.o
    0x080044fc   0x080044fc   0x00000004   Code   RO          141    .text.USER_read     user_diskio.o
    0x08004500   0x08004500   0x00000004   Code   RO          139    .text.USER_status   user_diskio.o
    0x08004504   0x08004504   0x00000004   Code   RO          143    .text.USER_write    user_diskio.o
    0x08004508   0x08004508   0x00000002   Code   RO          177    .text.UsageFault_Handler  stm32l4xx_it.o
    0x0800450a   0x0800450a   0x00000002   PAD
    0x0800450c   0x0800450c   0x00000132   Code   RO          941    .text.create_chain  ff.o
    0x0800463e   0x0800463e   0x00000002   PAD
    0x08004640   0x08004640   0x0000017a   Code   RO          959    .text.dir_next      ff.o
    0x080047ba   0x080047ba   0x00000002   PAD
    0x080047bc   0x080047bc   0x00000114   Code   RO          927    .text.dir_register  ff.o
    0x080048d0   0x080048d0   0x00000024   Code   RO          901    .text.disk_initialize  diskio.o
    0x080048f4   0x080048f4   0x00000016   Code   RO          907    .text.disk_ioctl    diskio.o
    0x0800490a   0x0800490a   0x00000002   PAD
    0x0800490c   0x0800490c   0x00000020   Code   RO          903    .text.disk_read     diskio.o
    0x0800492c   0x0800492c   0x00000016   Code   RO          899    .text.disk_status   diskio.o
    0x08004942   0x08004942   0x00000002   PAD
    0x08004944   0x08004944   0x00000020   Code   RO          905    .text.disk_write    diskio.o
    0x08004964   0x08004964   0x00000068   Code   RO          947    .text.f_close       ff.o
    0x080049cc   0x080049cc   0x00000070   Code   RO          977    .text.f_gets        ff.o
    0x08004a3c   0x08004a3c   0x0000010c   Code   RO          919    .text.f_mount       ff.o
    0x08004b48   0x08004b48   0x000003ee   Code   RO          923    .text.f_open        ff.o
    0x08004f36   0x08004f36   0x00000002   PAD
    0x08004f38   0x08004f38   0x000002fe   Code   RO          937    .text.f_read        ff.o
    0x08005236   0x08005236   0x00000002   PAD
    0x08005238   0x08005238   0x000000be   Code   RO          943    .text.f_sync        ff.o
    0x080052f6   0x080052f6   0x00000002   PAD
    0x080052f8   0x080052f8   0x0000051a   Code   RO          921    .text.find_volume   ff.o
    0x08005812   0x08005812   0x00000002   PAD
    0x08005814   0x08005814   0x00000672   Code   RO          925    .text.follow_path   ff.o
    0x08005e86   0x08005e86   0x00000002   PAD
    0x08005e88   0x08005e88   0x000000d0   Code   RO          935    .text.get_fat       ff.o
    0x08005f58   0x08005f58   0x00000004   Code   RO          157    .text.get_fattime   fatfs.o
    0x08005f5c   0x08005f5c   0x000008c0   Code   RO           91    .text.main          main.o
    0x0800681c   0x0800681c   0x00000080   Code   RO          931    .text.move_window   ff.o
    0x0800689c   0x0800689c   0x0000008a   Code   RO           87    .text.myprintf      main.o
    0x08006926   0x08006926   0x00000002   PAD
    0x08006928   0x08006928   0x0000010e   Code   RO          985    .text.put_fat       ff.o
    0x08006a36   0x08006a36   0x00000002   PAD
    0x08006a38   0x08006a38   0x00000076   Code   RO           23    .text.rcvr_datablock  user_diskio_spi.o
    0x08006aae   0x08006aae   0x00000002   PAD
    0x08006ab0   0x08006ab0   0x000004fe   Code   RO           95    .text.read_sdCard   main.o
    0x08006fae   0x08006fae   0x00000002   PAD
    0x08006fb0   0x08006fb0   0x000001ae   Code   RO           17    .text.send_cmd      user_diskio_spi.o
    0x0800715e   0x0800715e   0x00000002   PAD
    0x08007160   0x08007160   0x000000cc   Code   RO          945    .text.sync_fs       ff.o
    0x0800722c   0x0800722c   0x0000005a   Code   RO          971    .text.sync_window   ff.o
    0x08007286   0x08007286   0x00000002   PAD
    0x08007288   0x08007288   0x00000082   Code   RO           27    .text.xmit_datablock  user_diskio_spi.o
    0x0800730a   0x0800730a   0x0000003e   Code   RO         1372    CL$$btod_d2e        c_w.l(btod.o)
    0x08007348   0x08007348   0x00000046   Code   RO         1374    CL$$btod_d2e_denorm_low  c_w.l(btod.o)
    0x0800738e   0x0800738e   0x00000060   Code   RO         1373    CL$$btod_d2e_norm_op1  c_w.l(btod.o)
    0x080073ee   0x080073ee   0x00000002   PAD
    0x080073f0   0x080073f0   0x00000338   Code   RO         1382    CL$$btod_div_common  c_w.l(btod.o)
    0x08007728   0x08007728   0x000000dc   Code   RO         1379    CL$$btod_e2e        c_w.l(btod.o)
    0x08007804   0x08007804   0x0000002a   Code   RO         1376    CL$$btod_ediv       c_w.l(btod.o)
    0x0800782e   0x0800782e   0x0000002a   Code   RO         1375    CL$$btod_emul       c_w.l(btod.o)
    0x08007858   0x08007858   0x00000244   Code   RO         1381    CL$$btod_mult_common  c_w.l(btod.o)
    0x08007a9c   0x08007a9c   0x00000030   Code   RO         1418    i.__ARM_fpclassify  m_wm.l(fpclassify.o)
    0x08007acc   0x08007acc   0x0000000e   Code   RO         1188    i._is_digit         c_w.l(__printf_wp.o)
    0x08007ada   0x08007ada   0x00000002   PAD
    0x08007adc   0x08007adc   0x0000002c   Code   RO         1397    locale$$code        c_w.l(lc_numeric_c.o)
    0x08007b08   0x08007b08   0x0000002c   Code   RO         1433    locale$$code        c_w.l(lc_ctype_c.o)
    0x08007b34   0x08007b34   0x0000001a   Code   RO         1349    x$fpl$fpinit        fz_wm.l(fpinit.o)
    0x08007b4e   0x08007b4e   0x00000004   Code   RO         1278    x$fpl$printf1       fz_wm.l(printf1.o)
    0x08007b52   0x08007b52   0x00000004   Code   RO         1280    x$fpl$printf2       fz_wm.l(printf2.o)
    0x08007b56   0x08007b56   0x00000000   Code   RO         1417    x$fpl$usenofp       fz_wm.l(usenofp.o)
    0x08007b56   0x08007b56   0x00000002   PAD
    0x08007b58   0x08007b58   0x00000008   Data   RO         1147    .constdata          c_w.l(_printf_wctomb.o)
    0x08007b60   0x08007b60   0x00000028   Data   RO         1176    .constdata          c_w.l(_printf_hex_int_ll_ptr.o)
    0x08007b88   0x08007b88   0x00000011   Data   RO         1196    .constdata          c_w.l(__printf_flags_ss_wp.o)
    0x08007b99   0x08007b99   0x00000026   Data   RO         1327    .constdata          c_w.l(_printf_fp_hex.o)
    0x08007bbf   0x08007bbf   0x00000001   PAD
    0x08007bc0   0x08007bc0   0x00000094   Data   RO         1370    .constdata          c_w.l(bigflt0.o)
    0x08007c54   0x08007c54   0x00000010   Data   RO          888    .rodata.AHBPrescTable  system_stm32l4xx.o
    0x08007c64   0x08007c64   0x00000008   Data   RO          889    .rodata.APBPrescTable  system_stm32l4xx.o
    0x08007c6c   0x08007c6c   0x00000080   Data   RO          987    .rodata.ExCvt       ff.o
    0x08007cec   0x08007cec   0x00000030   Data   RO          890    .rodata.MSIRangeTable  system_stm32l4xx.o
    0x08007d1c   0x08007d1c   0x000000e6   Data   RO          117    .rodata.str1.1      main.o
    0x08007e02   0x08007e02   0x00000002   PAD
    0x08007e04   0x08007e04   0x00000020   Data   RO         1492    Region$$Table       anon$$obj.o
    0x08007e24   0x08007e24   0x0000001c   Data   RO         1396    locale$$data        c_w.l(lc_numeric_c.o)
    0x08007e40   0x08007e40   0x00000110   Data   RO         1432    locale$$data        c_w.l(lc_ctype_c.o)


    Execution Region RW_IRAM2 (Exec base: 0x10000000, Load base: 0x08007f80, Size: 0x00000000, Max: 0x00008000, ABSOLUTE)

    **** No section assigned to this execution region ****


    Execution Region RW_IRAM1 (Exec base: 0x20000000, Load base: 0x08007f50, Size: 0x00000c68, Max: 0x00018000, ABSOLUTE)

    Exec Addr    Load Addr    Size         Type   Attr      Idx    E Section Name        Object

    0x20000000   0x08007f50   0x00000008   Data   RW          189    .data..L_MergedGlobals  stm32l4xx_it.o
    0x20000008   0x08007f58   0x00000008   Data   RW          329    .data..L_MergedGlobals  stm32l4xx_hal.o
    0x20000010   0x08007f60   0x00000001   Data   RW           31    .data.Stat          user_diskio_spi.o
    0x20000011   0x08007f61   0x00000003   PAD
    0x20000014   0x08007f64   0x00000004   Data   RW          887    .data.SystemCoreClock  system_stm32l4xx.o
    0x20000018   0x08007f68   0x00000014   Data   RW          147    .data.USER_Driver   user_diskio.o
    0x2000002c   0x08007f7c   0x00000004   PAD
    0x20000030        -       0x00000060   Zero   RW         1291    .bss                c_w.l(libspace.o)
    0x20000090        -       0x0000000c   Zero   RW           32    .bss..L_MergedGlobals  user_diskio_spi.o
    0x2000009c        -       0x0000001d   Zero   RW          128    .bss..L_MergedGlobals  main.o
    0x200000b9        -       0x00000005   Zero   RW          161    .bss..L_MergedGlobals  fatfs.o
    0x200000be   0x08007f7c   0x00000002   PAD
    0x200000c0        -       0x00000028   Zero   RW          988    .bss..L_MergedGlobals  ff.o
    0x200000e8        -       0x00000010   Zero   RW          190    .bss..L_MergedGlobals.1  stm32l4xx_it.o
    0x200000f8        -       0x00000230   Zero   RW          119    .bss.FatFs          main.o
    0x20000328        -       0x0000000c   Zero   RW         1007    .bss.disk           ff_gen_drv.o
    0x20000334        -       0x00000230   Zero   RW          120    .bss.fil            main.o
    0x20000564        -       0x00000100   Zero   RW          118    .bss.myprintf.buffer  main.o
    0x20000664        -       0x00000004   Zero   RW          328    .bss.uwTick         stm32l4xx_hal.o
    0x20000668        -       0x00000200   Zero   RW            2    HEAP                startup_stm32l476xx.o
    0x20000868        -       0x00000400   Zero   RW            1    STACK               startup_stm32l476xx.o


==============================================================================

Image component sizes


      Code (inc. data)   RO Data    RW Data    ZI Data      Debug   Object Name

       144          0          0          0          0       1951   diskio.o
        32          0          0          0          5       2003   fatfs.o
      7262        378        128          0         40      75814   ff.o
        76          0          0          0         12       3331   ff_gen_drv.o
      4280        212        230          0       1405      35499   main.o
      4046          0          0          0          0      37419   rc522.o
        64         26        392          0       1536        924   startup_stm32l476xx.o
       148          0          0          8          4       9296   stm32l4xx_hal.o
       162          0          0          0          0      10789   stm32l4xx_hal_cortex.o
        50          0          0          0          0       1633   stm32l4xx_hal_msp.o
       262          0          0          8         16       3446   stm32l4xx_it.o
       232          0          0          0          0       4035   stm32l4xx_ll_gpio.o
       624         28          0          0          0      18970   stm32l4xx_ll_rcc.o
       126          0          0          0          0       3897   stm32l4xx_ll_spi.o
      1150          0          0          0          0      13991   stm32l4xx_ll_tim.o
       256          0          0          0          0       5958   stm32l4xx_ll_usart.o
        82          0          0          0          0      10589   stm32l4xx_ll_utils.o
        18          0         72          4          0       3016   system_stm32l4xx.o
        20          0          0         20          0       2050   user_diskio.o
      2580          6          0          1         12      13642   user_diskio_spi.o

    ----------------------------------------------------------------------
     21694        650        856         44       3036     258253   Object Totals
         0          0         32          0          0          0   (incl. Generated)
        80          0          2          3          6          0   (incl. Padding)

    ----------------------------------------------------------------------

      Code (inc. data)   RO Data    RW Data    ZI Data      Debug   Library Member Name

        60          8          0          0          0         84   __0sscanf.o
         8          0          0          0          0         68   __main.o
       398          4         17          0          0         92   __printf_flags_ss_wp.o
        14          0          0          0          0         68   __printf_wp.o
         0          0          0          0          0          0   __rtentry.o
        12          0          0          0          0          0   __rtentry2.o
         6          0          0          0          0          0   __rtentry4.o
        52          8          0          0          0          0   __scatter.o
        26          0          0          0          0          0   __scatter_copy.o
        28          0          0          0          0          0   __scatter_zi.o
        72          0          0          0          0         96   _c16rtomb.o
        28          0          0          0          0         68   _chval.o
         6          0          0          0          0          0   _printf_a.o
         6          0          0          0          0          0   _printf_c.o
        44          0          0          0          0        108   _printf_char.o
        48          6          0          0          0         96   _printf_char_common.o
        40          0          0          0          0         68   _printf_charcount.o
         6          0          0          0          0          0   _printf_d.o
       120         16          0          0          0         92   _printf_dec.o
         6          0          0          0          0          0   _printf_e.o
         6          0          0          0          0          0   _printf_f.o
      1058          0          0          0          0        148   _printf_fp_dec.o
       770          8         38          0          0        100   _printf_fp_hex.o
       128         16          0          0          0         84   _printf_fp_infnan.o
         6          0          0          0          0          0   _printf_g.o
       148          4         40          0          0        160   _printf_hex_int_ll_ptr.o
         6          0          0          0          0          0   _printf_i.o
       178          0          0          0          0         88   _printf_intcommon.o
        10          0          0          0          0          0   _printf_l.o
         6          0          0          0          0          0   _printf_lc.o
        10          0          0          0          0          0   _printf_ll.o
         6          0          0          0          0          0   _printf_lld.o
         6          0          0          0          0          0   _printf_lli.o
         6          0          0          0          0          0   _printf_llo.o
         6          0          0          0          0          0   _printf_llu.o
         6          0          0          0          0          0   _printf_llx.o
       124         16          0          0          0         92   _printf_longlong_dec.o
         6          0          0          0          0          0   _printf_ls.o
         6          0          0          0          0          0   _printf_n.o
         6          0          0          0          0          0   _printf_o.o
       112          8          0          0          0        124   _printf_oct_int_ll.o
         6          0          0          0          0          0   _printf_p.o
        78          0          0          0          0        108   _printf_pad.o
         0          0          0          0          0          0   _printf_percent.o
         4          0          0          0          0          0   _printf_percent_end.o
         6          0          0          0          0          0   _printf_s.o
        82          0          0          0          0         80   _printf_str.o
        36          0          0          0          0         84   _printf_truncate.o
         6          0          0          0          0          0   _printf_u.o
        44          0          0          0          0        108   _printf_wchar.o
       194          6          8          0          0         92   _printf_wctomb.o
         6          0          0          0          0          0   _printf_x.o
       890          6          0          0          0        100   _scanf.o
       338          0          0          0          0         96   _scanf_int.o
       230          0          0          0          0         96   _scanf_str.o
        64          0          0          0          0         84   _sgetc.o
        16          0          0          0          0         68   _snputc.o
       228          4        148          0          0         96   bigflt0.o
      1936        128          0          0          0        668   btod.o
        10          0          0          0          0         68   defsig_exit.o
        50          0          0          0          0         88   defsig_general.o
        80         58          0          0          0         76   defsig_rtmem_inner.o
        14          0          0          0          0         80   defsig_rtmem_outer.o
        18          0          0          0          0         80   exit.o
        94          0          0          0          0         80   h1_alloc.o
        52          0          0          0          0         68   h1_extend.o
        78          0          0          0          0         80   h1_free.o
        14          0          0          0          0         84   h1_init.o
         6          0          0          0          0        152   heapauxi.o
         4          0          0          0          0        136   hguard.o
         0          0          0          0          0          0   indicate_semi.o
       138          0          0          0          0        168   init_alloc.o
        18          0          0          0          0         76   isspace.o
        44         10        272          0          0         76   lc_ctype_c.o
        44         10         28          0          0         76   lc_numeric_c.o
         2          0          0          0          0          0   libinit.o
        42          0          0          0          0          0   libinit2.o
         2          0          0          0          0          0   libshutdown.o
         2          0          0          0          0          0   libshutdown2.o
         8          4          0          0         96         68   libspace.o
       138          0          0          0          0         80   lludiv10.o
         0          0          0          0          0          0   maybetermalloc1.o
        88          0          0          0          0         76   memcmp.o
        16          4          0          0          0         76   rt_ctype_table.o
         8          4          0          0          0         68   rt_heap_descriptor_intlibspace.o
         8          4          0          0          0         68   rt_locale_intlibspace.o
        68          0          0          0          0         68   rt_memclr.o
        78          0          0          0          0         80   rt_memclr_w.o
         2          0          0          0          0          0   rtexit.o
        10          0          0          0          0          0   rtexit2.o
        44          8          0          0          0         84   scanf_char.o
       124          0          0          0          0         88   strcmpv7em.o
        72          0          0          0          0         80   strcpy.o
        86          0          0          0          0         76   strncpy.o
        12          4          0          0          0         68   sys_exit.o
        74          0          0          0          0         80   sys_stackheap_outer.o
        14          0          0          0          0         76   sys_wrch.o
         2          0          0          0          0         68   use_no_semi.o
        60          4          0          0          0         80   vsnprintf.o
        26          0          0          0          0        116   fpinit.o
         4          0          0          0          0        116   printf1.o
         4          0          0          0          0        116   printf2.o
         0          0          0          0          0          0   usenofp.o
        48          0          0          0          0        124   fpclassify.o

    ----------------------------------------------------------------------
      9490        348        552          0         96       6460   Library Totals
        30          0          1          0          0          0   (incl. Padding)

    ----------------------------------------------------------------------

      Code (inc. data)   RO Data    RW Data    ZI Data      Debug   Library Name

      9378        348        551          0         96       5988   c_w.l
        34          0          0          0          0        348   fz_wm.l
        48          0          0          0          0        124   m_wm.l

    ----------------------------------------------------------------------
      9490        348        552          0         96       6460   Library Totals

    ----------------------------------------------------------------------

==============================================================================


      Code (inc. data)   RO Data    RW Data    ZI Data      Debug   

     31184        998       1408         44       3132     260773   Grand Totals
     31184        998       1408         44       3132     260773   ELF Image Totals
     31184        998       1408         44          0          0   ROM Totals

==============================================================================

    Total RO  Size (Code + RO Data)                32592 (  31.83kB)
    Total RW  Size (RW Data + ZI Data)              3176 (   3.10kB)
    Total ROM Size (Code + RO Data + RW Data)      32636 (  31.87kB)

==============================================================================

